This is pdfTeX, Version 3.141592653-2.6-1.40.29 (MiKTeX 26.2) (preloaded format=pdflatex 2026.4.30)  30 APR 2026 17:25
entering extended mode
 restricted \write18 enabled.
 file:line:error style messages enabled.
 %&-line parsing enabled.
**"c:/Users/Ambsse/OneDrive - ADAC SE/00_PersonalFolder/02_Schulung/00_IPMA_B/Report/Report_Seitz_Sebastian_19871211_V1.tex"
(c:/Users/Ambsse/OneDrive - ADAC SE/00_PersonalFolder/02_Schulung/00_IPMA_B/Report/Report_Seitz_Sebastian_19871211_V1.tex
LaTeX2e <2025-11-01>
L3 programming layer <2026-03-20>
(C:\Users\Ambsse\AppData\Local\Programs\MiKTeX\tex/latex/base\article.cls
Document Class: article 2025/01/22 v1.4n Standard LaTeX document class
(C:\Users\Ambsse\AppData\Local\Programs\MiKTeX\tex/latex/base\size11.clo
File: size11.clo 2025/01/22 v1.4n Standard LaTeX file (size option)
)
\c@part=\count275
\c@section=\count276
\c@subsection=\count277
\c@subsubsection=\count278
\c@paragraph=\count279
\c@subparagraph=\count280
\c@figure=\count281
\c@table=\count282
\abovecaptionskip=\skip49
\belowcaptionskip=\skip50
\bibindent=\dimen150
) (00_PreReq/00_Pakete.tex (C:\Users\Ambsse\AppData\Local\Programs\MiKTeX\tex/latex/base\inputenc.sty
Package: inputenc 2024/02/08 v1.3d Input encoding file
\inpenc@prehook=\toks17
\inpenc@posthook=\toks18
) (C:\Users\Ambsse\AppData\Local\Programs\MiKTeX\tex/latex/base\fontenc.sty
Package: fontenc 2025/07/18 v2.1d Standard LaTeX package
) (C:\Users\Ambsse\AppData\Local\Programs\MiKTeX\tex/generic/babel\babel.sty
Package: babel 2026/04/15 v26.6 The multilingual framework for LuaLaTeX, pdfLaTeX and XeLaTeX
\babel@savecnt=\count283
LaTeX Encoding Info:    Redeclaring text command \ij (encoding OT1) on input line 2078.
LaTeX Encoding Info:    Redeclaring text command \IJ (encoding OT1) on input line 2080.
LaTeX Encoding Info:    Redeclaring text command \ij (encoding T1) on input line 2082.
LaTeX Encoding Info:    Redeclaring text command \IJ (encoding T1) on input line 2083.
LaTeX Encoding Info:    Ignoring declaration for text command \ij (encoding ?) on input line 2084.
LaTeX Encoding Info:    Ignoring declaration for text command \IJ (encoding ?) on input line 2086.
LaTeX Encoding Info:    Ignoring declaration for text command \SS (encoding ?) on input line 2111.
\U@D=\dimen151
\l@unhyphenated=\language79
 (C:\Users\Ambsse\AppData\Local\Programs\MiKTeX\tex/generic/babel\txtbabel.def)
\bbl@readstream=\read2
\bbl@dirlevel=\count284
Package babel Info: Configuration files are deprecated, as
(babel)             they can break document portability.
(babel)             Reported on input line 4206.

*************************************
* Local config file bblopts.cfg used
*
(C:\Users\Ambsse\AppData\Local\Programs\MiKTeX\tex/latex/arabi\bblopts.cfg
File: bblopts.cfg 2005/09/08 v0.1 add Arabic and Farsi to "declared" options of babel
) (C:\Users\Ambsse\AppData\Local\Programs\MiKTeX\tex/generic/babel/locale/invalid\babel-ngerman.tex)
Package babel Info: Importing font and identification data for ngerman
(babel)             from babel-de.ini. Reported on input line 4330.
 (C:\Users\Ambsse\AppData\Local\Programs\MiKTeX\tex/latex/babel-german\ngerman.ldf
Language: ngerman 
 (C:\Users\Ambsse\AppData\Local\Programs\MiKTeX\tex/latex/babel-german\babel-german.def
Package babel Info: Making " an active character on input line 500.
))) (C:\Users\Ambsse\AppData\Local\Programs\MiKTeX\tex/latex/lm\lmodern.sty
Package: lmodern 2015/05/01 v1.6.1 Latin Modern Fonts
LaTeX Font Info:    Overwriting symbol font `operators' in version `normal'
(Font)                  OT1/cmr/m/n --> OT1/lmr/m/n on input line 22.
LaTeX Font Info:    Overwriting symbol font `letters' in version `normal'
(Font)                  OML/cmm/m/it --> OML/lmm/m/it on input line 23.
LaTeX Font Info:    Overwriting symbol font `symbols' in version `normal'
(Font)                  OMS/cmsy/m/n --> OMS/lmsy/m/n on input line 24.
LaTeX Font Info:    Overwriting symbol font `largesymbols' in version `normal'
(Font)                  OMX/cmex/m/n --> OMX/lmex/m/n on input line 25.
LaTeX Font Info:    Overwriting symbol font `operators' in version `bold'
(Font)                  OT1/cmr/bx/n --> OT1/lmr/bx/n on input line 26.
LaTeX Font Info:    Overwriting symbol font `letters' in version `bold'
(Font)                  OML/cmm/b/it --> OML/lmm/b/it on input line 27.
LaTeX Font Info:    Overwriting symbol font `symbols' in version `bold'
(Font)                  OMS/cmsy/b/n --> OMS/lmsy/b/n on input line 28.
LaTeX Font Info:    Overwriting symbol font `largesymbols' in version `bold'
(Font)                  OMX/cmex/m/n --> OMX/lmex/m/n on input line 29.
LaTeX Font Info:    Overwriting math alphabet `\mathbf' in version `normal'
(Font)                  OT1/cmr/bx/n --> OT1/lmr/bx/n on input line 31.
LaTeX Font Info:    Overwriting math alphabet `\mathsf' in version `normal'
(Font)                  OT1/cmss/m/n --> OT1/lmss/m/n on input line 32.
LaTeX Font Info:    Overwriting math alphabet `\mathit' in version `normal'
(Font)                  OT1/cmr/m/it --> OT1/lmr/m/it on input line 33.
LaTeX Font Info:    Overwriting math alphabet `\mathtt' in version `normal'
(Font)                  OT1/cmtt/m/n --> OT1/lmtt/m/n on input line 34.
LaTeX Font Info:    Overwriting math alphabet `\mathbf' in version `bold'
(Font)                  OT1/cmr/bx/n --> OT1/lmr/bx/n on input line 35.
LaTeX Font Info:    Overwriting math alphabet `\mathsf' in version `bold'
(Font)                  OT1/cmss/bx/n --> OT1/lmss/bx/n on input line 36.
LaTeX Font Info:    Overwriting math alphabet `\mathit' in version `bold'
(Font)                  OT1/cmr/bx/it --> OT1/lmr/bx/it on input line 37.
LaTeX Font Info:    Overwriting math alphabet `\mathtt' in version `bold'
(Font)                  OT1/cmtt/m/n --> OT1/lmtt/m/n on input line 38.
) (C:\Users\Ambsse\AppData\Local\Programs\MiKTeX\tex/latex/amsmath\amsmath.sty
Package: amsmath 2025/07/09 v2.17z AMS math features
\@mathmargin=\skip51

For additional information on amsmath, use the `?' option.
(C:\Users\Ambsse\AppData\Local\Programs\MiKTeX\tex/latex/amsmath\amstext.sty
Package: amstext 2024/11/17 v2.01 AMS text
 (C:\Users\Ambsse\AppData\Local\Programs\MiKTeX\tex/latex/amsmath\amsgen.sty
File: amsgen.sty 1999/11/30 v2.0 generic functions
\@emptytoks=\toks19
\ex@=\dimen152
)) (C:\Users\Ambsse\AppData\Local\Programs\MiKTeX\tex/latex/amsmath\amsbsy.sty
Package: amsbsy 1999/11/29 v1.2d Bold Symbols
\pmbraise@=\dimen153
) (C:\Users\Ambsse\AppData\Local\Programs\MiKTeX\tex/latex/amsmath\amsopn.sty
Package: amsopn 2022/04/08 v2.04 operator names
)
\inf@bad=\count285
LaTeX Info: Redefining \frac on input line 233.
\uproot@=\count286
\leftroot@=\count287
LaTeX Info: Redefining \overline on input line 398.
LaTeX Info: Redefining \colon on input line 409.
\classnum@=\count288
\DOTSCASE@=\count289
LaTeX Info: Redefining \ldots on input line 495.
LaTeX Info: Redefining \dots on input line 498.
LaTeX Info: Redefining \cdots on input line 619.
\Mathstrutbox@=\box53
\strutbox@=\box54
LaTeX Info: Redefining \big on input line 721.
LaTeX Info: Redefining \Big on input line 722.
LaTeX Info: Redefining \bigg on input line 723.
LaTeX Info: Redefining \Bigg on input line 724.
\big@size=\dimen154
LaTeX Font Info:    Redeclaring font encoding OML on input line 742.
LaTeX Font Info:    Redeclaring font encoding OMS on input line 743.
\macc@depth=\count290
LaTeX Info: Redefining \bmod on input line 904.
LaTeX Info: Redefining \pmod on input line 909.
LaTeX Info: Redefining \smash on input line 939.
LaTeX Info: Redefining \relbar on input line 969.
LaTeX Info: Redefining \Relbar on input line 970.
\c@MaxMatrixCols=\count291
\dotsspace@=\muskip17
\c@parentequation=\count292
\dspbrk@lvl=\count293
\tag@help=\toks20
\row@=\count294
\column@=\count295
\maxfields@=\count296
\andhelp@=\toks21
\eqnshift@=\dimen155
\alignsep@=\dimen156
\tagshift@=\dimen157
\tagwidth@=\dimen158
\totwidth@=\dimen159
\lineht@=\dimen160
\@envbody=\toks22
\multlinegap=\skip52
\multlinetaggap=\skip53
\mathdisplay@stack=\toks23
LaTeX Info: Redefining \[ on input line 2950.
LaTeX Info: Redefining \] on input line 2951.
) (C:\Users\Ambsse\AppData\Local\Programs\MiKTeX\tex/latex/amsfonts\amsfonts.sty
Package: amsfonts 2013/01/14 v3.01 Basic AMSFonts support
\symAMSa=\mathgroup4
\symAMSb=\mathgroup5
LaTeX Font Info:    Redeclaring math symbol \hbar on input line 98.
LaTeX Font Info:    Overwriting math alphabet `\mathfrak' in version `bold'
(Font)                  U/euf/m/n --> U/euf/b/n on input line 106.
) (C:\Users\Ambsse\AppData\Local\Programs\MiKTeX\tex/latex/amsfonts\amssymb.sty
Package: amssymb 2013/01/14 v3.01 AMS font symbols
) (C:\Users\Ambsse\AppData\Local\Programs\MiKTeX\tex/latex/doublestroke\dsfont.sty
Package: dsfont 1995/08/01 v0.1 Double stroke roman fonts
) (C:\Users\Ambsse\AppData\Local\Programs\MiKTeX\tex/latex/tools\array.sty
Package: array 2025/09/25 v2.6n Tabular extension package (FMi)
\col@sep=\dimen161
\ar@mcellbox=\box55
\extrarowheight=\dimen162
\NC@list=\toks24
\extratabsurround=\skip54
\backup@length=\skip55
\ar@cellbox=\box56
) (C:\Users\Ambsse\AppData\Local\Programs\MiKTeX\tex/latex/tools\tabularx.sty
Package: tabularx 2023/12/11 v2.12a `tabularx' package (DPC)
\TX@col@width=\dimen163
\TX@old@table=\dimen164
\TX@old@col=\dimen165
\TX@target=\dimen166
\TX@delta=\dimen167
\TX@cols=\count297
\TX@ftn=\toks25
) (C:\Users\Ambsse\AppData\Local\Programs\MiKTeX\tex/latex/tools\longtable.sty
Package: longtable 2025-10-13 v4.24 Multi-page Table package (DPC)
\LTleft=\skip56
\LTright=\skip57
\LTpre=\skip58
\LTpost=\skip59
\LTchunksize=\count298
\LTcapwidth=\dimen168
\LT@head=\box57
\LT@firsthead=\box58
\LT@foot=\box59
\LT@lastfoot=\box60
\LT@gbox=\box61
\LT@cols=\count299
\LT@rows=\count300
\c@LT@tables=\count301
\c@LT@chunks=\count302
\LT@p@ftn=\toks26
) (C:\Users\Ambsse\AppData\Local\Programs\MiKTeX\tex/latex/ltablex\ltablex.sty
Package: ltablex 2014/08/13 v1.1 Modified tabularx
) (C:\Users\Ambsse\AppData\Local\Programs\MiKTeX\tex/latex/booktabs\booktabs.sty
Package: booktabs 2020/01/12 v1.61803398 Publication quality tables
\heavyrulewidth=\dimen169
\lightrulewidth=\dimen170
\cmidrulewidth=\dimen171
\belowrulesep=\dimen172
\belowbottomsep=\dimen173
\aboverulesep=\dimen174
\abovetopsep=\dimen175
\cmidrulesep=\dimen176
\cmidrulekern=\dimen177
\defaultaddspace=\dimen178
\@cmidla=\count303
\@cmidlb=\count304
\@aboverulesep=\dimen179
\@belowrulesep=\dimen180
\@thisruleclass=\count305
\@lastruleclass=\count306
\@thisrulewidth=\dimen181
) (C:\Users\Ambsse\AppData\Local\Programs\MiKTeX\tex/latex/tools\dcolumn.sty
Package: dcolumn 2025/10/21 v1.06 decimal alignment package (DPC)
) (C:\Users\Ambsse\AppData\Local\Programs\MiKTeX\tex/latex/xcolor\xcolor.sty
Package: xcolor 2024/09/29 v3.02 LaTeX color extensions (UK)
 (C:\Users\Ambsse\AppData\Local\Programs\MiKTeX\tex/latex/graphics-cfg\color.cfg
File: color.cfg 2016/01/02 v1.6 sample color configuration
)
Package xcolor Info: Driver file: pdftex.def on input line 274.
 (C:\Users\Ambsse\AppData\Local\Programs\MiKTeX\tex/latex/graphics-def\pdftex.def
File: pdftex.def 2025/09/29 v1.2d Graphics/color driver for pdftex
) (C:\Users\Ambsse\AppData\Local\Programs\MiKTeX\tex/latex/graphics\mathcolor.ltx)
Package xcolor Info: Model `cmy' substituted by `cmy0' on input line 1349.
Package xcolor Info: Model `hsb' substituted by `rgb' on input line 1353.
Package xcolor Info: Model `RGB' extended on input line 1365.
Package xcolor Info: Model `HTML' substituted by `rgb' on input line 1367.
Package xcolor Info: Model `Hsb' substituted by `hsb' on input line 1368.
Package xcolor Info: Model `tHsb' substituted by `hsb' on input line 1369.
Package xcolor Info: Model `HSB' substituted by `hsb' on input line 1370.
Package xcolor Info: Model `Gray' substituted by `gray' on input line 1371.
Package xcolor Info: Model `wave' substituted by `hsb' on input line 1372.
) (C:\Users\Ambsse\AppData\Local\Programs\MiKTeX\tex/latex/colortbl\colortbl.sty
Package: colortbl 2024/10/29 v1.0k Color table columns (DPC)
\everycr=\toks27
\minrowclearance=\skip60
\rownum=\count307
) (C:\Users\Ambsse\AppData\Local\Programs\MiKTeX\tex/latex/hyperref\nameref.sty
Package: nameref 2026-01-29 v2.58 Cross-referencing by name of section
 (C:\Users\Ambsse\AppData\Local\Programs\MiKTeX\tex/latex/refcount\refcount.sty
Package: refcount 2019/12/15 v3.6 Data extraction from label references (HO)
 (C:\Users\Ambsse\AppData\Local\Programs\MiKTeX\tex/generic/ltxcmds\ltxcmds.sty
Package: ltxcmds 2023-12-04 v1.26 LaTeX kernel commands for general use (HO)
) (C:\Users\Ambsse\AppData\Local\Programs\MiKTeX\tex/generic/infwarerr\infwarerr.sty
Package: infwarerr 2019/12/03 v1.5 Providing info/warning/error messages (HO)
)) (C:\Users\Ambsse\AppData\Local\Programs\MiKTeX\tex/generic/gettitlestring\gettitlestring.sty
Package: gettitlestring 2019/12/15 v1.6 Cleanup title references (HO)
 (C:\Users\Ambsse\AppData\Local\Programs\MiKTeX\tex/latex/kvoptions\kvoptions.sty
Package: kvoptions 2022-06-15 v3.15 Key value format for package options (HO)
 (C:\Users\Ambsse\AppData\Local\Programs\MiKTeX\tex/latex/graphics\keyval.sty
Package: keyval 2022/05/29 v1.15 key=value parser (DPC)
\KV@toks@=\toks28
) (C:\Users\Ambsse\AppData\Local\Programs\MiKTeX\tex/latex/kvsetkeys\kvsetkeys.sty
Package: kvsetkeys 2022-10-05 v1.19 Key value parser (HO)
)))
\c@section@level=\count308
) (C:\Users\Ambsse\AppData\Local\Programs\MiKTeX\tex/latex/geometry\geometry.sty
Package: geometry 2026/03/07 v6.0 Page Geometry
 (C:\Users\Ambsse\AppData\Local\Programs\MiKTeX\tex/generic/iftex\ifvtex.sty
Package: ifvtex 2019/10/25 v1.7 ifvtex legacy package. Use iftex instead.
 (C:\Users\Ambsse\AppData\Local\Programs\MiKTeX\tex/generic/iftex\iftex.sty
Package: iftex 2024/12/12 v1.0g TeX engine tests
))
\Gm@cnth=\count309
\Gm@cntv=\count310
\c@Gm@tempcnt=\count311
\Gm@bindingoffset=\dimen182
\Gm@wd@mp=\dimen183
\Gm@odd@mp=\dimen184
\Gm@even@mp=\dimen185
\Gm@layoutwidth=\dimen186
\Gm@layoutheight=\dimen187
\Gm@layouthoffset=\dimen188
\Gm@layoutvoffset=\dimen189
\Gm@dimlist=\toks29
 (C:\Users\Ambsse\AppData\Local\Programs\MiKTeX\tex/latex/geometry\geometry.cfg)) (C:\Users\Ambsse\AppData\Local\Programs\MiKTeX\tex/latex/pdflscape\pdflscape.sty
Package: pdflscape 2022-10-27 v0.13 Display of landscape pages in PDF
 (C:\Users\Ambsse\AppData\Local\Programs\MiKTeX\tex/latex/pdflscape\pdflscape-nometadata.sty
Package: pdflscape-nometadata 2022-10-28 v0.13 Display of landscape pages in PDF (HO)
 (C:\Users\Ambsse\AppData\Local\Programs\MiKTeX\tex/latex/graphics\lscape.sty
Package: lscape 2020/05/28 v3.02 Landscape Pages (DPC)
 (C:\Users\Ambsse\AppData\Local\Programs\MiKTeX\tex/latex/graphics\graphics.sty
Package: graphics 2024/08/06 v1.4g Standard LaTeX Graphics (DPC,SPQR)
 (C:\Users\Ambsse\AppData\Local\Programs\MiKTeX\tex/latex/graphics\trig.sty
Package: trig 2023/12/02 v1.11 sin cos tan (DPC)
) (C:\Users\Ambsse\AppData\Local\Programs\MiKTeX\tex/latex/graphics-cfg\graphics.cfg
File: graphics.cfg 2016/06/04 v1.11 sample graphics configuration
)
Package graphics Info: Driver file: pdftex.def on input line 106.
))
Package pdflscape Info: Auto-detected driver: pdftex on input line 81.
)) (C:\Users\Ambsse\AppData\Local\Programs\MiKTeX\tex/latex/microtype\microtype.sty
Package: microtype 2026/03/01 v3.2d Micro-typographical refinements (RS)
 (C:\Users\Ambsse\AppData\Local\Programs\MiKTeX\tex/latex/etoolbox\etoolbox.sty
Package: etoolbox 2025/10/02 v2.5m e-TeX tools for LaTeX (JAW)
\etb@tempcnta=\count312
)
\MT@toks=\toks30
\MT@tempbox=\box62
\MT@count=\count313
LaTeX Info: Redefining \noprotrusionifhmode on input line 1084.
LaTeX Info: Redefining \leftprotrusion on input line 1085.
\MT@prot@toks=\toks31
LaTeX Info: Redefining \rightprotrusion on input line 1104.
LaTeX Info: Redefining \textls on input line 1449.
\MT@outer@kern=\dimen190
LaTeX Info: Redefining \microtypecontext on input line 2053.
LaTeX Info: Redefining \textmicrotypecontext on input line 2070.
\MT@listname@count=\count314
 (C:\Users\Ambsse\AppData\Local\Programs\MiKTeX\tex/latex/microtype\microtype-pdftex.def
File: microtype-pdftex.def 2026/03/01 v3.2d Definitions specific to pdftex (RS)
LaTeX Info: Redefining \lsstyle on input line 944.
LaTeX Info: Redefining \lslig on input line 944.
\MT@outer@space=\skip61
)
Package microtype Info: Loading configuration file microtype.cfg.
 (C:\Users\Ambsse\AppData\Local\Programs\MiKTeX\tex/latex/microtype\microtype.cfg
File: microtype.cfg 2026/03/01 v3.2d microtype main configuration file (RS)
)
LaTeX Info: Redefining \microtypesetup on input line 3065.
) (C:\Users\Ambsse\AppData\Local\Programs\MiKTeX\tex/latex/setspace\setspace.sty
Package: setspace 2022/12/04 v6.7b set line spacing
) (C:\Users\Ambsse\AppData\Local\Programs\MiKTeX\tex/latex/blindtext\blindtext.sty
Package: blindtext 2012/01/06 V2.0 blindtext-Package
 (C:\Users\Ambsse\AppData\Local\Programs\MiKTeX\tex/latex/tools\xspace.sty
Package: xspace 2014/10/28 v1.13 Space after command names (DPC,MH)
)
\c@blindtext=\count315
\c@Blindtext=\count316
\c@blind@countparstart=\count317
\blind@countxx=\count318
\blindtext@numBlindtext=\count319
\blind@countyy=\count320
\c@blindlist=\count321
\c@blindlistlevel=\count322
\c@blindlist@level=\count323
\blind@listitem=\count324
\c@blind@listcount=\count325
\c@blind@levelcount=\count326
\blind@mathformula=\count327
\blind@Mathformula=\count328
\c@blind@randomcount=\count329
\c@blind@randommax=\count330
\c@blind@pangramcount=\count331
\c@blind@pangrammax=\count332
) (C:\Users\Ambsse\AppData\Local\Programs\MiKTeX\tex/latex/lipsum\lipsum.sty (C:\Users\Ambsse\AppData\Local\Programs\MiKTeX\tex/latex/l3packages/l3keys2e\l3keys2e.sty (C:\Users\Ambsse\AppData\Local\Programs\MiKTeX\tex/latex/l3kernel\expl3.sty
Package: expl3 2026-03-20 L3 programming layer (loader) 
 (C:\Users\Ambsse\AppData\Local\Programs\MiKTeX\tex/latex/l3backend\l3backend-pdftex.def
File: l3backend-pdftex.def 2026-02-18 L3 backend support: PDF output (pdfTeX)
\l__color_backend_stack_int=\count333
))
Package: l3keys2e 2025-10-09 LaTeX2e option processing using LaTeX3 keys
)
Package: lipsum 2021-09-20 v2.7 150 paragraphs of Lorem Ipsum dummy text
\g__lipsum_par_int=\count334
\l__lipsum_a_int=\count335
\l__lipsum_b_int=\count336
 (C:\Users\Ambsse\AppData\Local\Programs\MiKTeX\tex/latex/lipsum\lipsum.ltd.tex)) (C:\Users\Ambsse\AppData\Local\Programs\MiKTeX\tex/latex/titlesec\titlesec.sty
Package: titlesec 2025/01/04 v2.17 Sectioning titles
\ttl@box=\box63
\beforetitleunit=\skip62
\aftertitleunit=\skip63
\ttl@plus=\dimen191
\ttl@minus=\dimen192
\ttl@toksa=\toks32
\titlewidth=\dimen193
\titlewidthlast=\dimen194
\titlewidthfirst=\dimen195
) (C:\Users\Ambsse\AppData\Local\Programs\MiKTeX\tex/latex/enumitem\enumitem.sty
Package: enumitem 2025/02/06 v3.11 Customized lists
\labelindent=\skip64
\enit@outerparindent=\dimen196
\enit@toks=\toks33
\enit@inbox=\box64
\enit@count@id=\count337
\enitdp@description=\count338
) (C:\Users\Ambsse\AppData\Local\Programs\MiKTeX\tex/latex/lettrine\lettrine.sty
File: lettrine.sty 2025-12-06 v2.83 (Daniel Flipo)
\c@DefaultLines=\count339
\c@DefaultDepth=\count340
\DefaultFindent=\dimen197
\DefaultNindent=\dimen198
\DefaultSlope=\dimen199
\DiscardVskip=\dimen256
\L@lbox=\box65
\c@L@lines=\count341
\c@L@depth=\count342
\L@Pindent=\dimen257
\L@Findent=\dimen258
\L@Nindent=\dimen259
\L@lraise=\dimen260
\L@first=\dimen261
\L@next=\dimen262
\L@slope=\dimen263
\L@height=\dimen264
\L@novskip=\dimen265
\L@target@ht=\dimen266
\L@target@dp=\dimen267
\L@target@tht=\dimen268
\LettrineWidth=\dimen269
\LettrineHeight=\dimen270
\LettrineDepth=\dimen271
\L@finalht=\dimen272
\L@finaldp=\dimen273

Loading lettrine.cfg
(C:\Users\Ambsse\AppData\Local\Programs\MiKTeX\tex/latex/lettrine\lettrine.cfg)
\Lettrine@tweaks=\toks34
\Llist@everypar=\toks35
) (C:\Users\Ambsse\AppData\Local\Programs\MiKTeX\tex/latex/graphics\graphicx.sty
Package: graphicx 2024/12/31 v1.2e Enhanced LaTeX Graphics (DPC,SPQR)
\Gin@req@height=\dimen274
\Gin@req@width=\dimen275
) (C:\Users\Ambsse\AppData\Local\Programs\MiKTeX\tex/latex/caption\subcaption.sty
Package: subcaption 2023/07/28 v1.6b Sub-captions (AR)
 (C:\Users\Ambsse\AppData\Local\Programs\MiKTeX\tex/latex/caption\caption.sty
Package: caption 2023/08/05 v3.6o Customizing captions (AR)
 (C:\Users\Ambsse\AppData\Local\Programs\MiKTeX\tex/latex/caption\caption3.sty
Package: caption3 2023/07/31 v2.4d caption3 kernel (AR)
\caption@tempdima=\dimen276
\captionmargin=\dimen277
\caption@leftmargin=\dimen278
\caption@rightmargin=\dimen279
\caption@width=\dimen280
\caption@indent=\dimen281
\caption@parindent=\dimen282
\caption@hangindent=\dimen283
Package caption Info: Standard document class detected.
)
\c@caption@flags=\count343
\c@continuedfloat=\count344
Package caption Info: longtable package is loaded.
 (C:\Users\Ambsse\AppData\Local\Programs\MiKTeX\tex/latex/caption\ltcaption.sty
Package: ltcaption 2021/01/08 v1.4c longtable captions (AR)
))
Package caption Info: New subtype `subfigure' on input line 238.
\c@subfigure=\count345
Package caption Info: New subtype `subtable' on input line 238.
\c@subtable=\count346
) (C:\Users\Ambsse\AppData\Local\Programs\MiKTeX\tex/latex/adjustbox\adjustbox.sty
Package: adjustbox 2025/02/26 v1.3c Adjusting TeX boxes (trim, clip, ...)
 (C:\Users\Ambsse\AppData\Local\Programs\MiKTeX\tex/latex/xkeyval\xkeyval.sty
Package: xkeyval 2022/06/16 v2.9 package option processing (HA)
 (C:\Users\Ambsse\AppData\Local\Programs\MiKTeX\tex/generic/xkeyval\xkeyval.tex (C:\Users\Ambsse\AppData\Local\Programs\MiKTeX\tex/generic/xkeyval\xkvutils.tex
\XKV@toks=\toks36
\XKV@tempa@toks=\toks37
)
\XKV@depth=\count347
File: xkeyval.tex 2014/12/03 v2.7a key=value parser (HA)
)) (C:\Users\Ambsse\AppData\Local\Programs\MiKTeX\tex/latex/adjustbox\adjcalc.sty
Package: adjcalc 2012/05/16 v1.1 Provides advanced setlength with multiple back-ends (calc, etex, pgfmath)
) (C:\Users\Ambsse\AppData\Local\Programs\MiKTeX\tex/latex/adjustbox\trimclip.sty
Package: trimclip 2025/02/21 v1.2a Trim and clip general TeX material
 (C:\Users\Ambsse\AppData\Local\Programs\MiKTeX\tex/latex/collectbox\collectbox.sty
Package: collectbox 2022/10/17 v0.4c Collect macro arguments as boxes
\collectedbox=\box66
)
\tc@llx=\dimen284
\tc@lly=\dimen285
\tc@urx=\dimen286
\tc@ury=\dimen287
Package trimclip Info: Using driver 'tc-pdftex.def'.
 (C:\Users\Ambsse\AppData\Local\Programs\MiKTeX\tex/latex/adjustbox\tc-pdftex.def
File: tc-pdftex.def 2025/02/26 v2.3 Clipping driver for pdftex
))
\adjbox@Width=\dimen288
\adjbox@Height=\dimen289
\adjbox@Depth=\dimen290
\adjbox@Totalheight=\dimen291
\adjbox@pwidth=\dimen292
\adjbox@pheight=\dimen293
\adjbox@pdepth=\dimen294
\adjbox@ptotalheight=\dimen295
 (C:\Users\Ambsse\AppData\Local\Programs\MiKTeX\tex/latex/ifoddpage\ifoddpage.sty
Package: ifoddpage 2022/10/18 v1.2 Conditionals for odd/even page detection
\c@checkoddpage=\count348
) (C:\Users\Ambsse\AppData\Local\Programs\MiKTeX\tex/latex/varwidth\varwidth.sty
Package: varwidth 2009/03/30 ver 0.92;  Variable-width minipages
\@vwid@box=\box67
\sift@deathcycles=\count349
\@vwid@loff=\dimen296
\@vwid@roff=\dimen297
)
==> First Aid for varwidth.sty applied!
) (C:\Users\Ambsse\AppData\Local\Programs\MiKTeX\tex/latex/epstopdf-pkg\epstopdf.sty
Package: epstopdf 2020-01-24 v2.11 Conversion with epstopdf on the fly (HO)
 (C:\Users\Ambsse\AppData\Local\Programs\MiKTeX\tex/latex/grfext\grfext.sty
Package: grfext 2019/12/03 v1.3 Manage graphics extensions (HO)
 (C:\Users\Ambsse\AppData\Local\Programs\MiKTeX\tex/generic/kvdefinekeys\kvdefinekeys.sty
Package: kvdefinekeys 2019-12-19 v1.6 Define keys (HO)
)) (C:\Users\Ambsse\AppData\Local\Programs\MiKTeX\tex/generic/pdftexcmds\pdftexcmds.sty
Package: pdftexcmds 2020-06-27 v0.33 Utility functions of pdfTeX for LuaTeX (HO)
Package pdftexcmds Info: \pdf@primitive is available.
Package pdftexcmds Info: \pdf@ifprimitive is available.
Package pdftexcmds Info: \pdfdraftmode found.
) (C:\Users\Ambsse\AppData\Local\Programs\MiKTeX\tex/latex/epstopdf-pkg\epstopdf-base.sty
Package: epstopdf-base 2020-01-24 v2.11 Base part for package epstopdf
Package epstopdf-base Info: Redefining graphics rule for `.eps' on input line 485.
Package grfext Info: Graphics extension search list:
(grfext)             [.pdf,.png,.jpg,.mps,.jpeg,.jbig2,.jb2,.PDF,.PNG,.JPG,.JPEG,.JBIG2,.JB2,.eps]
(grfext)             \AppendGraphicsExtensions on input line 504.
 (C:\Users\Ambsse\AppData\Local\Programs\MiKTeX\tex/latex/00miktex\epstopdf-sys.cfg
File: epstopdf-sys.cfg 2021/03/18 v2.0 Configuration of epstopdf for MiKTeX
))) (C:\Users\Ambsse\AppData\Local\Programs\MiKTeX\tex/latex/float\float.sty
Package: float 2001/11/08 v1.3d Float enhancements (AL)
\c@float@type=\count350
\float@exts=\toks38
\float@box=\box68
\@float@everytoks=\toks39
\@floatcapt=\box69
) (C:\Users\Ambsse\AppData\Local\Programs\MiKTeX\tex/latex/listings\listings.sty
\lst@mode=\count351
\lst@gtempboxa=\box70
\lst@token=\toks40
\lst@length=\count352
\lst@currlwidth=\dimen298
\lst@column=\count353
\lst@pos=\count354
\lst@lostspace=\dimen299
\lst@width=\dimen300
\lst@newlines=\count355
\lst@lineno=\count356
\lst@maxwidth=\dimen301
 (C:\Users\Ambsse\AppData\Local\Programs\MiKTeX\tex/latex/listings\lstpatch.sty
File: lstpatch.sty 2025/11/14 1.11b (Carsten Heinz)
) (C:\Users\Ambsse\AppData\Local\Programs\MiKTeX\tex/latex/listings\lstmisc.sty
File: lstmisc.sty 2025/11/14 1.11b (Carsten Heinz)
\c@lstnumber=\count357
\lst@skipnumbers=\count358
\lst@framebox=\box71
) (C:\Users\Ambsse\AppData\Local\Programs\MiKTeX\tex/latex/listings\listings.cfg
File: listings.cfg 2025/11/14 1.11b listings configuration
))
Package: listings 2025/11/14 1.11b (Carsten Heinz)

==> First Aid for listings.sty no longer applied!
    Expected:
        2024/09/23 1.10c (Carsten Heinz)
    but found:
        2025/11/14 1.11b (Carsten Heinz)
    so I'm assuming it got fixed.
(C:\Users\Ambsse\AppData\Local\Programs\MiKTeX\tex/latex/datetime2\datetime2.sty
Package: datetime2 2021/03/21 v1.5.7 (NLCT) date and time formats
 (C:\Users\Ambsse\AppData\Local\Programs\MiKTeX\tex/latex/tracklang\tracklang.sty
Package: tracklang 2025/03/11 v1.6.6 (NLCT) Track Languages
 (C:\Users\Ambsse\AppData\Local\Programs\MiKTeX\tex/generic/tracklang\tracklang.tex)
Package tracklang Info: Tracking dialect `ngerman' (language `german') on input line 264.
Package tracklang Info: Tracking dialect `ngerman' (language `german') on input line 264.
)
Package tracklang Info: Tracking dialect `ngerman' (language `german') on input line 217.
 (C:\Users\Ambsse\AppData\Local\Programs\MiKTeX\tex/latex/datetime2-german\datetime2-german.ldf
File: datetime2-german.ldf 2019/12/13 v3.0
 (C:\Users\Ambsse\AppData\Local\Programs\MiKTeX\tex/latex/datetime2-german\datetime2-german-base.ldf
File: datetime2-german-base.ldf 2019/12/13 v3.0
 (C:\Users\Ambsse\AppData\Local\Programs\MiKTeX\tex/generic/iftex\ifxetex.sty
Package: ifxetex 2019/10/25 v0.7 ifxetex legacy package. Use iftex instead.
) (C:\Users\Ambsse\AppData\Local\Programs\MiKTeX\tex/generic/iftex\ifluatex.sty
Package: ifluatex 2019/10/25 v1.5 ifluatex legacy package. Use iftex instead.
) (C:\Users\Ambsse\AppData\Local\Programs\MiKTeX\tex/latex/datetime2-german\datetime2-german-base-ascii.ldf
File: datetime2-german-base-ascii.ldf 2019/12/13 v3.0
)))) (C:\Users\Ambsse\AppData\Local\Programs\MiKTeX\tex/latex/advdate\advdate.sty
Package: advdate 1996/10/20 Advance Date Package
\r@k=\count359
\un@r=\count360
\m@l=\count361
\m@s=\count362
\M@s=\count363
) (C:\Users\Ambsse\AppData\Local\Programs\MiKTeX\tex/latex/koma-script\scrlayer-scrpage.sty
Package: scrlayer-scrpage 2026/02/02 v3.49.2 KOMA-Script package (end user interface for scrlayer)
 (C:\Users\Ambsse\AppData\Local\Programs\MiKTeX\tex/latex/koma-script\scrlayer.sty
Package: scrlayer 2026/02/02 v3.49.2 KOMA-Script package (defining layers and page styles)
 (C:\Users\Ambsse\AppData\Local\Programs\MiKTeX\tex/latex/koma-script\scrkbase.sty
Package: scrkbase 2026/02/02 v3.49.2 KOMA-Script package (KOMA-Script-dependent basics and keyval usage)
 (C:\Users\Ambsse\AppData\Local\Programs\MiKTeX\tex/latex/koma-script\scrbase.sty
Package: scrbase 2026/02/02 v3.49.2 KOMA-Script package (KOMA-Script-independent basics and keyval usage)
 (C:\Users\Ambsse\AppData\Local\Programs\MiKTeX\tex/latex/koma-script\scrlfile.sty
Package: scrlfile 2026/02/02 v3.49.2 KOMA-Script package (file load hooks)
 (C:\Users\Ambsse\AppData\Local\Programs\MiKTeX\tex/latex/koma-script\scrlfile-hook.sty
Package: scrlfile-hook 2026/02/02 v3.49.2 KOMA-Script package (using LaTeX hooks)
 (C:\Users\Ambsse\AppData\Local\Programs\MiKTeX\tex/latex/koma-script\scrlogo.sty
Package: scrlogo 2026/02/02 v3.49.2 KOMA-Script package (logo)
)))
Applying: [2021/05/01] Usage of raw or classic option list on input line 254.
Already applied: [0000/00/00] Usage of raw or classic option list on input line 370.
))
\footheight=\skip65
Package scrlayer Info: patching LaTeX kernel macro \pagestyle on input line 2179.
)

Package scrlayer-scrpage Warning: it seems that package `titlesec' is used
(scrlayer-scrpage)                and has already defined `\newpagestyle'.
(scrlayer-scrpage)                To avoid this warning message, you should
(scrlayer-scrpage)                load package `titlesec' not before package
(scrlayer-scrpage)                `scrlayer-scrpage'. If you need `titlesec'
(scrlayer-scrpage)                you could load it after `scrlayer-scrpage',
(scrlayer-scrpage)                but you still would not be able to use
(scrlayer-scrpage)                the `titlesec' implemenation of
(scrlayer-scrpage)                `\newpagestyle'.


Package scrlayer-scrpage Warning: It seems that package `titlesec' is used
(scrlayer-scrpage)                and has already defined `\renewpagestyle'.
(scrlayer-scrpage)                To avoid this warning message, you should
(scrlayer-scrpage)                load package `titlesec' not before package
(scrlayer-scrpage)                `scrlayer-scrpage'. If you need `titlesec'
(scrlayer-scrpage)                you could load it after `scrlayer-scrpage',
(scrlayer-scrpage)                but you still would not be able to use
(scrlayer-scrpage)                the `titlesec' implemenation of
(scrlayer-scrpage)                `\renewpagestyle'.

) (C:\Users\Ambsse\AppData\Local\Programs\MiKTeX\tex/latex/footmisc\footmisc.sty
Package: footmisc 2025/05/09 v7.0b a miscellany of footnote facilities
\FN@temptoken=\toks41
\footnotemargin=\dimen302
 (C:\Users\Ambsse\AppData\Local\Programs\MiKTeX\tex/latex/bigfoot\perpage.sty
Package: perpage 2014/10/25 2.0 Reset/sort counters per page
\c@abspage=\count364
)
\c@pp@a@footnote=\count365
Package footmisc Info: Declaring symbol style bringhurst on input line 549.
Package footmisc Info: Declaring symbol style chicago on input line 557.
Package footmisc Info: Declaring symbol style wiley on input line 566.
Package footmisc Info: Declaring symbol style lamport-robust on input line 577.
Package footmisc Info: Declaring symbol style lamport* on input line 597.
Package footmisc Info: Declaring symbol style lamport*-robust on input line 618.
) (C:\Users\Ambsse\AppData\Local\Programs\MiKTeX\tex/latex/tablefootnote\tablefootnote.sty
Package: tablefootnote 2014/01/26 v1.1c Table foot notes (HMM)
 (C:\Users\Ambsse\AppData\Local\Programs\MiKTeX\tex/latex/letltxmacro\letltxmacro.sty
Package: letltxmacro 2019/12/03 v1.6 Let assignment for LaTeX macros (HO)
) (C:\Users\Ambsse\AppData\Local\Programs\MiKTeX\tex/latex/xifthen\xifthen.sty
Package: xifthen 2015/11/05 v1.4.0 Extended ifthen features
 (C:\Users\Ambsse\AppData\Local\Programs\MiKTeX\tex/latex/tools\calc.sty
Package: calc 2025/03/01 v4.3b Infix arithmetic (KKT,FJ)
\calc@Acount=\count366
\calc@Bcount=\count367
\calc@Adimen=\dimen303
\calc@Bdimen=\dimen304
\calc@Askip=\skip66
\calc@Bskip=\skip67
LaTeX Info: Redefining \setlength on input line 86.
LaTeX Info: Redefining \addtolength on input line 87.
\calc@Ccount=\count368
\calc@Cskip=\skip68
) (C:\Users\Ambsse\AppData\Local\Programs\MiKTeX\tex/latex/base\ifthen.sty
Package: ifthen 2024/03/16 v1.1e Standard LaTeX ifthen package (DPC)
) (C:\Users\Ambsse\AppData\Local\Programs\MiKTeX\tex/latex/ifmtarg\ifmtarg.sty
Package: ifmtarg 2018/04/16 v1.2b check for an empty argument
))) (C:\Users\Ambsse\AppData\Local\Programs\MiKTeX\tex/latex/glossaries/base\glossaries.sty
Package: glossaries 2026/04/21 v5.1 (NLCT)
 (C:\Users\Ambsse\AppData\Local\Programs\MiKTeX\tex/latex/mfirstuc\mfirstuc.sty
Package: mfirstuc 2025/04/03 v2.09 (NLCT)
\@glsmfirst=\toks42
\@glsmrest=\toks43
) (C:\Users\Ambsse\AppData\Local\Programs\MiKTeX\tex/latex/xfor\xfor.sty
Package: xfor 2009/02/05 v1.05 (NLCT)
) (C:\Users\Ambsse\AppData\Local\Programs\MiKTeX\tex/latex/translator\translator.sty
Package: translator 2021-05-31 v1.12d Easy translation of strings in LaTeX
) (C:\Users\Ambsse\AppData\Local\Programs\MiKTeX\tex/latex/glossaries-german\glossaries-german.ldf
File: glossaries-german.ldf 2014/11/23 v1.0
) (C:\Users\Ambsse\AppData\Local\Programs\MiKTeX\tex/latex/datatool\datatool-base.sty
Package: datatool-base 2025/12/04 v3.4.3 (NLCT)
\l__datatool_tmpa_int=\count369
\l__datatool_tmpb_int=\count370
\l__datatool_tmpc_int=\count371
\l__datatool_tmpd_int=\count372
\l__datatool_count_int=\count373
\l__datatool_tmp_datatype_int=\count374
\l__datatool_tmpa_dim=\dimen305
\l__datatool_tmpb_dim=\dimen306
 (C:\Users\Ambsse\AppData\Local\Programs\MiKTeX\tex/latex/datatool\datatool-l3fp.def
File: datatool-l3fp.def 2025/12/04 v3.4.3 (NLCT)
)
\@dtl@toks=\toks44
\@dtl@tmpcount=\count375
\dtl@tmplength=\skip69
\l__datatool_measure_box=\box72
\dtl@sortresult=\count376
 (C:\Users\Ambsse\AppData\Local\Programs\MiKTeX\tex/latex/datatool\datatool-utf8.ldf
File: datatool-utf8.ldf 2025/12/04 v3.4.3 (NLCT)
)
\@dtl@datatype=\count377
\c_datatool_unknown_int=\count378
\l__datatool_year_int=\count379
\l__datatool_month_int=\count380
\l__datatool_day_int=\count381
\l__datatool_hour_int=\count382
\l__datatool_minute_int=\count383
\l__datatool_second_int=\count384
\l__datatool_tzhour_int=\count385
\l__datatool_tzminute_int=\count386
\l__datatool_julian_int=\count387
\l__datatool_local_julian_int=\count388
\l__datatool_prefix_int=\count389
\l__datatool_suffix_int=\count390
\@dtl@foreach@level=\count391


Package tracklang Warning: No `datatool' support for dialect `ngerman'  on input line 9924.

\dtl@codeA=\count392
\dtl@codeB=\count393
)
\gls@level=\count394
\@gls@tmpb=\toks45
\gls@tmplen=\skip70
\l__glossaries_tmpa_dim=\dimen307
\l__glossaries_tmpb_dim=\dimen308
\glskeylisttok=\toks46
\glslabeltok=\toks47
\glsshorttok=\toks48
\glslongtok=\toks49
 (C:\Users\Ambsse\AppData\Local\Programs\MiKTeX\tex/latex/glossaries/styles\glossary-hypernav.sty
Package: glossary-hypernav 2026/04/21 v5.1 (NLCT)
) (C:\Users\Ambsse\AppData\Local\Programs\MiKTeX\tex/latex/glossaries/styles\glossary-list.sty
Package: glossary-list 2026/04/21 v5.1 (NLCT)
\glslistdottedwidth=\skip71
) (C:\Users\Ambsse\AppData\Local\Programs\MiKTeX\tex/latex/glossaries/styles\glossary-long.sty
Package: glossary-long 2026/04/21 v5.1 (NLCT)
\glsdescwidth=\skip72
\glspagelistwidth=\skip73
) (C:\Users\Ambsse\AppData\Local\Programs\MiKTeX\tex/latex/glossaries/styles\glossary-super.sty
Package: glossary-super 2026/04/21 v5.1 (NLCT)
 (C:\Users\Ambsse\AppData\Local\Programs\MiKTeX\tex/latex/supertabular\supertabular.sty
Package: supertabular 2025/06/26 v4.2d the supertabular environment
\c@tracingst=\count395
\ST@wd=\dimen309
\ST@rightskip=\skip74
\ST@leftskip=\skip75
\ST@parfillskip=\skip76
\ST@pageleft=\dimen310
\ST@headht=\dimen311
\ST@tailht=\dimen312
\ST@pagesofar=\dimen313
\ST@pboxht=\dimen314
\ST@rowht=\dimen315
\ST@prevht=\dimen316
\ST@toadd=\dimen317
\ST@dimen=\dimen318
\ST@pbox=\box73
)) (C:\Users\Ambsse\AppData\Local\Programs\MiKTeX\tex/latex/glossaries/styles\glossary-tree.sty
Package: glossary-tree 2026/04/21 v5.1 (NLCT)
\l__glossaries_tree_max_known_level_int=\count396
\l__glossaries_tree_offset_dim=\dimen319
\l__glossaries_tree_namewidth_dim=\dimen320
\l__glossaries_tree_symbolwidth_dim=\dimen321
\l__glossaries_tree_prenamesym_width_dim=\dimen322
\l__glossaries_tree_presubnamesym_width_dim=\dimen323
\l__glossaries_tree_namewidth_padding_dim=\dimen324
\l__glossaries_tree_symbolwidth_padding_dim=\dimen325
\l__glossaries_tree_namesymbolwidth_dim=\dimen326
\l__glossaries_tree_namesymbolwidth_padding_dim=\dimen327
\l__glossaries_tree_level_int=\count397
\glstreeindent=\skip77
)) (C:\Users\Ambsse\AppData\Local\Programs\MiKTeX\tex/latex/l3packages/xparse\xparse.sty
Package: xparse 2025-10-09 L3 Experimental document command parser
) (C:\Users\Ambsse\AppData\Local\Programs\MiKTeX\tex/latex/base\atveryend-ltx.sty
Package: atveryend-ltx 2020/08/19 v1.0a Emulation of the original atveryend package
with kernel methods
) (C:\Users\Ambsse\AppData\Local\Programs\MiKTeX\tex/latex/comment\comment.sty
\CommentStream=\write3
 Excluding comment 'comment') (C:\Users\Ambsse\AppData\Local\Programs\MiKTeX\tex/latex/enotez\enotez.sty (C:\Users\Ambsse\AppData\Local\Programs\MiKTeX\tex/latex/l3packages/xtemplate\xtemplate.sty
Package: xtemplate 2025-10-09 L3 Experimental prototype document functions
)
Package: enotez 2022/01/04 v0.10d Endnotes for LaTeX2e
\l__enotez_list_preamble_skip=\skip78
\l__enotez_list_postamble_skip=\skip79
\g__enotez_endnote_id_int=\count398
\g__enotez_endnote_mark_int=\count399
\c@endnote=\count400
\g__enotez_list_printed_int=\count401
\l__enotez_tmpa_int=\count402

LaTeX template Info: Declaring template type 'enotez-list' taking 1
(template)           argument(s) on line 473.

\l__enotez_list_notes_sep_dim=\dimen328
 (C:\Users\Ambsse\AppData\Local\Programs\MiKTeX\tex/latex/translations\translations.sty
Package: translations 2022/02/05 v1.12 internationalization of LaTeX2e packages (CN)
)) (C:\Users\Ambsse\AppData\Local\Programs\MiKTeX\tex/latex/pdfpages\pdfpages.sty
Package: pdfpages 2026/03/30 v0.6h Insert pages of external PDF documents (AM)
 (C:\Users\Ambsse\AppData\Local\Programs\MiKTeX\tex/latex/eso-pic\eso-pic.sty
Package: eso-pic 2025/12/10 v3.0d eso-pic (RN)
\ESO@tempdima=\dimen329
\ESO@tempdimb=\dimen330
)
\AM@pagewidth=\dimen331
\AM@pageheight=\dimen332
\AM@fboxrule=\dimen333
 (C:\Users\Ambsse\AppData\Local\Programs\MiKTeX\tex/latex/pdfpages\pppdftex.def
File: pppdftex.def 2026/03/30 v0.6h Pdfpages driver for pdfTeX (AM)
)
\pdfpages@includegraphics@status=\count403
\AM@pagebox=\box74
\AM@global@opts=\toks50
\AM@pagecnt=\count404
\AM@toc@title=\toks51
\AM@lof@heading=\toks52
\c@AM@survey=\count405
\AM@templatesizebox=\box75
) (C:\Users\Ambsse\AppData\Local\Programs\MiKTeX\tex/latex/hyperref\hyperref.sty
Package: hyperref 2026-04-24 v7.01q Hypertext links for LaTeX
 (C:\Users\Ambsse\AppData\Local\Programs\MiKTeX\tex/generic/pdfescape\pdfescape.sty
Package: pdfescape 2019/12/09 v1.15 Implements pdfTeX's escape features (HO)
) (C:\Users\Ambsse\AppData\Local\Programs\MiKTeX\tex/latex/hycolor\hycolor.sty
Package: hycolor 2020-01-27 v1.10 Color options for hyperref/bookmark (HO)
) (C:\Users\Ambsse\AppData\Local\Programs\MiKTeX\tex/generic/stringenc\stringenc.sty
Package: stringenc 2019/11/29 v1.12 Convert strings between diff. encodings (HO)
)
\@linkdim=\dimen334
\Hy@linkcounter=\count406
\Hy@pagecounter=\count407
 (C:\Users\Ambsse\AppData\Local\Programs\MiKTeX\tex/latex/hyperref\pd1enc.def
File: pd1enc.def 2026-04-24 v7.01q Hyperref: PDFDocEncoding definition (HO)
Now handling font encoding PD1 ...
... no UTF-8 mapping file for font encoding PD1
) (C:\Users\Ambsse\AppData\Local\Programs\MiKTeX\tex/generic/intcalc\intcalc.sty
Package: intcalc 2019/12/15 v1.3 Expandable calculations with integers (HO)
)
\Hy@SavedSpaceFactor=\count408
 (C:\Users\Ambsse\AppData\Local\Programs\MiKTeX\tex/latex/hyperref\puenc.def
File: puenc.def 2026-04-24 v7.01q Hyperref: PDF Unicode definition (HO)
Now handling font encoding PU ...
... no UTF-8 mapping file for font encoding PU
)
Package hyperref Info: Hyper figures OFF on input line 4199.
Package hyperref Info: Link nesting OFF on input line 4204.
Package hyperref Info: Hyper index ON on input line 4207.
Package hyperref Info: Plain pages OFF on input line 4214.
Package hyperref Info: Backreferencing OFF on input line 4219.
Package hyperref Info: Implicit mode ON; LaTeX internals redefined.
Package hyperref Info: Bookmarks ON on input line 4466.
\c@Hy@tempcnt=\count409
 (C:\Users\Ambsse\AppData\Local\Programs\MiKTeX\tex/latex/url\url.sty
\Urlmuskip=\muskip18
Package: url 2013/09/16  ver 3.4  Verb mode for urls, etc.
)
LaTeX Info: Redefining \url on input line 4805.
\XeTeXLinkMargin=\dimen335
 (C:\Users\Ambsse\AppData\Local\Programs\MiKTeX\tex/generic/bitset\bitset.sty
Package: bitset 2019/12/09 v1.3 Handle bit-vector datatype (HO)
 (C:\Users\Ambsse\AppData\Local\Programs\MiKTeX\tex/generic/bigintcalc\bigintcalc.sty
Package: bigintcalc 2019/12/15 v1.5 Expandable calculations on big integers (HO)
))
\Fld@menulength=\count410
\Field@Width=\dimen336
\Fld@charsize=\dimen337
Package hyperref Info: Hyper figures OFF on input line 6091.
Package hyperref Info: Link nesting OFF on input line 6096.
Package hyperref Info: Hyper index ON on input line 6099.
Package hyperref Info: backreferencing OFF on input line 6106.
Package hyperref Info: Link coloring OFF on input line 6111.
Package hyperref Info: Link coloring with OCG OFF on input line 6116.
Package hyperref Info: PDF/A mode OFF on input line 6121.
\Hy@abspage=\count411
\c@Item=\count412
\c@Hfootnote=\count413
)
Package hyperref Info: Driver (autodetected): hpdftex.
 (C:\Users\Ambsse\AppData\Local\Programs\MiKTeX\tex/latex/hyperref\hpdftex.def
File: hpdftex.def 2026-04-24 v7.01q Hyperref driver for pdfTeX
\Fld@listcount=\count414
\c@bookmark@seq@number=\count415
 (C:\Users\Ambsse\AppData\Local\Programs\MiKTeX\tex/latex/rerunfilecheck\rerunfilecheck.sty
Package: rerunfilecheck 2025-06-21 v1.11 Rerun checks for auxiliary files (HO)
 (C:\Users\Ambsse\AppData\Local\Programs\MiKTeX\tex/generic/uniquecounter\uniquecounter.sty
Package: uniquecounter 2019/12/15 v1.4 Provide unlimited unique counter (HO)
)
Package uniquecounter Info: New unique counter `rerunfilecheck' on input line 284.
)
\Hy@SectionHShift=\skip80
) (C:\Users\Ambsse\AppData\Local\Programs\MiKTeX\tex/latex/cleveref\cleveref.sty
Package: cleveref 2018/03/27 v0.21.4 Intelligent cross-referencing
Package cleveref Info: `hyperref' support loaded on input line 2370.
LaTeX Info: Redefining \cref on input line 2370.
LaTeX Info: Redefining \Cref on input line 2370.
LaTeX Info: Redefining \crefrange on input line 2370.
LaTeX Info: Redefining \Crefrange on input line 2370.
LaTeX Info: Redefining \cpageref on input line 2370.
LaTeX Info: Redefining \Cpageref on input line 2370.
LaTeX Info: Redefining \cpagerefrange on input line 2370.
LaTeX Info: Redefining \Cpagerefrange on input line 2370.
LaTeX Info: Redefining \labelcref on input line 2370.
LaTeX Info: Redefining \labelcpageref on input line 2370.
Package cleveref Info: `listings' support loaded on input line 3131.
)
==> First Aid for cleveref.sty applied!
Package hyperref Info: Option `colorlinks' set `true' on input line 263.
Package hyperref Info: Option `bookmarksnumbered' set `true' on input line 263.
) (C:\Users\Ambsse\AppData\Local\Programs\MiKTeX\tex/latex/fmtcount\fmtcount.sty
Package: fmtcount 2025/12/02 v3.12 Displaying the values of LaTeX counters (NT,VB,NE)
 (C:\Users\Ambsse\AppData\Local\Programs\MiKTeX\tex/latex/fmtcount\fcprefix.sty
Package: fcprefix 2012/09/28
 (C:\Users\Ambsse\AppData\Local\Programs\MiKTeX\tex/latex/fmtcount\fcnumparser.sty
Package: fcnumparser 2017/06/15
\fc@digit@counter=\count416
))
\c@padzeroesN=\count417
\fc@tmpcatcode=\count418
 (C:\Users\Ambsse\AppData\Local\Programs\MiKTeX\tex/latex/fmtcount\fc-ngerman.def
File: fc-ngerman.def 2012/06/18
 (C:\Users\Ambsse\AppData\Local\Programs\MiKTeX\tex/latex/fmtcount\fc-german.def
File: fc-german.def 2018/06/17
 (C:\Users\Ambsse\AppData\Local\Programs\MiKTeX\tex/latex/fmtcount\fc-germanb.def
File: fc-germanb.def 2013/08/17
)) (C:\Users\Ambsse\AppData\Local\Programs\MiKTeX\tex/latex/fmtcount\fc-ngermanb.def
File: fc-ngermanb.def 2013/08/17
))
\@DT@modctr=\count419
\@ordinalctr=\count420
\@orgargctr=\count421
\@strctr=\count422
\@tmpstrctr=\count423
\@DT@loopN=\count424
\@DT@X=\count425
) (00_PreReq/01_Anlage_Umlaute.tex (C:\Users\Ambsse\AppData\Local\Programs\MiKTeX\tex/latex/listings\lstlang1.sty
File: lstlang1.sty 2025/11/14 1.11b listings language file
) (C:\Users\Ambsse\AppData\Local\Programs\MiKTeX\tex/latex/listings\lstlang2.sty
File: lstlang2.sty 2025/11/14 1.11b listings language file
) (C:\Users\Ambsse\AppData\Local\Programs\MiKTeX\tex/latex/listings\lstlang3.sty
File: lstlang3.sty 2025/11/14 1.11b listings language file
)) (01_PreAmb/02_Acron2.tex)
\c@SeitenzahlSpeicher=\count426
 (01_PreAmb/03_01_HeaderFooter.tex)
LaTeX Font Info:    Trying to load font information for T1+lmr on input line 54.
 (C:\Users\Ambsse\AppData\Local\Programs\MiKTeX\tex/latex/lm\t1lmr.fd
File: t1lmr.fd 2015/05/01 v1.6.1 Font defs for Latin Modern
) (Report_Seitz_Sebastian_19871211_V1.aux (01_PreAmb/01_Titelseite.aux)
Package babel Info: 'ngerman' activates 'german' shorthands.
(babel)             Reported on input line 13.
\g__glossaries_gls_ref_acronym_int=\count427
\g__glossaries_gls_ref_general_int=\count428


LaTeX Warning: Label `para:04.03.02.01_GrundlagenProjektmanagement' multiply defined.


LaTeX Warning: Label `para:04.03.02.01_GrundlagenProjektmanagement@cref' multiply defined.


LaTeX Warning: Label `para:04.03.02.02_GrundlagenProgrammmanagement' multiply defined.


LaTeX Warning: Label `para:04.03.02.02_GrundlagenProgrammmanagement@cref' multiply defined.


LaTeX Warning: Label `para:04.03.02.04_Supportfunktionen' multiply defined.


LaTeX Warning: Label `para:04.03.02.04_Supportfunktionen@cref' multiply defined.


LaTeX Warning: Label `para:04.03.02.05_EntscheidungsUndBerichtsstrukturenUndQualitätsanforderungen' multiply defined.


LaTeX Warning: Label `para:04.03.02.05_EntscheidungsUndBerichtsstrukturenUndQualitätsanforderungen@cref' multiply defined.


LaTeX Warning: Label `para:04.03.03.01_Rechtsvorschriften' multiply defined.


LaTeX Warning: Label `para:04.03.03.01_Rechtsvorschriften@cref' multiply defined.


LaTeX Warning: Label `para:04.03.03.02_VerhaltensregelnUndBerufsvorschriften' multiply defined.


LaTeX Warning: Label `para:04.03.03.02_VerhaltensregelnUndBerufsvorschriften@cref' multiply defined.


LaTeX Warning: Label `para:04.03.03.05_FachlicheStandardsundTools' multiply defined.


LaTeX Warning: Label `para:04.03.03.05_FachlicheStandardsundTools@cref' multiply defined.


LaTeX Warning: Label `para:04.03.04.01_PersönlicheAmbitionenUndInteressenDritter' multiply defined.


LaTeX Warning: Label `para:04.03.04.01_PersönlicheAmbitionenUndInteressenDritter@cref' multiply defined.


LaTeX Warning: Label `para:04.03.04.03_PersönlichkeitenUndArbeitsstileDritter' multiply defined.


LaTeX Warning: Label `para:04.03.04.03_PersönlichkeitenUndArbeitsstileDritter@cref' multiply defined.


LaTeX Warning: Label `para:04.04.05.01_InitiativeErgreifen' multiply defined.


LaTeX Warning: Label `para:04.04.05.01_InitiativeErgreifen@cref' multiply defined.


LaTeX Warning: Label `para:04.04.05.02_OwnershipUndCommitment' multiply defined.


LaTeX Warning: Label `para:04.04.05.02_OwnershipUndCommitment@cref' multiply defined.


LaTeX Warning: Label `para:04.04.05.05_EntscheidungenTreffenDurchsetzenUndÜberprüfen' multiply defined.


LaTeX Warning: Label `para:04.04.05.05_EntscheidungenTreffenDurchsetzenUndÜberprüfen@cref' multiply defined.


LaTeX Warning: Label `para:04.05.01.01_ErfolgskriterienAnerkennenPriorisierenUndÜberprüfen' multiply defined.


LaTeX Warning: Label `para:04.05.01.01_ErfolgskriterienAnerkennenPriorisierenUndÜberprüfen@cref' multiply defined.


LaTeX Warning: Label `para:04.05.01.02_LessonsLearnedAusUndMitAnderenProjektenÜberprüfenAnwendenUndAustauschen' multiply defined.


LaTeX Warning: Label `para:04.05.01.02_LessonsLearnedAusUndMitAnderenProjektenÜberprüfenAnwendenUndAustauschen@cref' multiply defined.


LaTeX Warning: Label `para:04.05.01.05_KonzeptFürDieProjektdurchführungEntwerfenÜberwachenUndAnpassen' multiply defined.


LaTeX Warning: Label `para:04.05.01.05_KonzeptFürDieProjektdurchführungEntwerfenÜberwachenUndAnpassen@cref' multiply defined.


LaTeX Warning: Label `para:04.05.02.01_HierarchieDerProjektzieleDefinierenUndEntwickeln' multiply defined.


LaTeX Warning: Label `para:04.05.02.01_HierarchieDerProjektzieleDefinierenUndEntwickeln@cref' multiply defined.


LaTeX Warning: Label `para:04.05.03.01_LieferobjekteDefinieren' multiply defined.


LaTeX Warning: Label `para:04.05.03.01_LieferobjekteDefinieren@cref' multiply defined.


LaTeX Warning: Label `para:04.05.03.02_LeistungsumfangStrukturieren' multiply defined.


LaTeX Warning: Label `para:04.05.03.02_LeistungsumfangStrukturieren@cref' multiply defined.


LaTeX Warning: Label `para:04.05.04.01_AktivitätenDefinieren' multiply defined.


LaTeX Warning: Label `para:04.05.04.01_AktivitätenDefinieren@cref' multiply defined.


LaTeX Warning: Label `para:04.05.04.03_VorgehensweiseFuerTermineUndPhasenUndSprints' multiply defined.


LaTeX Warning: Label `para:04.05.04.03_VorgehensweiseFuerTermineUndPhasenUndSprints@cref' multiply defined.


LaTeX Warning: Label `para:04.05.04.05_FortschrittAnhandDesTerminplansUeberwachenUndNotwendigeAnpassungenVornehmen' multiply defined.


LaTeX Warning: Label `para:04.05.04.05_FortschrittAnhandDesTerminplansUeberwachenUndNotwendigeAnpassungenVornehmen@cref' multiply defined.


LaTeX Warning: Label `para:04.05.05.01_BedürfnisseBezüglichInformationUndDokumentation' multiply defined.


LaTeX Warning: Label `para:04.05.05.01_BedürfnisseBezüglichInformationUndDokumentation@cref' multiply defined.


LaTeX Warning: Label `para:04.05.05.03_InfrastrukturProzesseUndInformationssysteme' multiply defined.


LaTeX Warning: Label `para:04.05.05.03_InfrastrukturProzesseUndInformationssysteme@cref' multiply defined.


LaTeX Warning: Label `para:04.05.05.04_OrganisationDesProjektsImplementierenUeberwachenUndAnpassen' multiply defined.


LaTeX Warning: Label `para:04.05.05.04_OrganisationDesProjektsImplementierenUeberwachenUndAnpassen@cref' multiply defined.


LaTeX Warning: Label `para:04.05.06.01_Qualitätsmanagementplan' multiply defined.


LaTeX Warning: Label `para:04.05.06.01_Qualitätsmanagementplan@cref' multiply defined.


LaTeX Warning: Label `para:04.05.06.03_ErreichungDerQualitätsziele' multiply defined.


LaTeX Warning: Label `para:04.05.06.03_ErreichungDerQualitätsziele@cref' multiply defined.


LaTeX Warning: Label `para:04.05.06.04_ValidierungVonProjektergebnissen' multiply defined.


LaTeX Warning: Label `para:04.05.06.04_ValidierungVonProjektergebnissen@cref' multiply defined.


LaTeX Warning: Label `para:04.05.07.01_Projektkosten' multiply defined.


LaTeX Warning: Label `para:04.05.07.01_Projektkosten@cref' multiply defined.


LaTeX Warning: Label `para:04.05.07.04_Finanzmanagement' multiply defined.


LaTeX Warning: Label `para:04.05.07.04_Finanzmanagement@cref' multiply defined.


LaTeX Warning: Label `para:04.05.07.05_FinanzenÜberwachen' multiply defined.


LaTeX Warning: Label `para:04.05.07.05_FinanzenÜberwachen@cref' multiply defined.


LaTeX Warning: Label `para:04.05.08.01_StrategischeRessourcenplanung' multiply defined.


LaTeX Warning: Label `para:04.05.08.01_StrategischeRessourcenplanung@cref' multiply defined.


LaTeX Warning: Label `para:04.05.08.05_Ressourcenverbrauch' multiply defined.


LaTeX Warning: Label `para:04.05.08.05_Ressourcenverbrauch@cref' multiply defined.


LaTeX Warning: Label `para:04.05.09.02_Lieferantenauswahl' multiply defined.


LaTeX Warning: Label `para:04.05.09.02_Lieferantenauswahl@cref' multiply defined.


LaTeX Warning: Label `para:04.05.09.04_Vertragsausführung' multiply defined.


LaTeX Warning: Label `para:04.05.09.04_Vertragsausführung@cref' multiply defined.

)
\openout1 = `Report_Seitz_Sebastian_19871211_V1.aux'.

LaTeX Font Info:    Checking defaults for OML/cmm/m/it on input line 54.
LaTeX Font Info:    ... okay on input line 54.
LaTeX Font Info:    Checking defaults for OMS/cmsy/m/n on input line 54.
LaTeX Font Info:    ... okay on input line 54.
LaTeX Font Info:    Checking defaults for OT1/cmr/m/n on input line 54.
LaTeX Font Info:    ... okay on input line 54.
LaTeX Font Info:    Checking defaults for T1/cmr/m/n on input line 54.
LaTeX Font Info:    ... okay on input line 54.
LaTeX Font Info:    Checking defaults for TS1/cmr/m/n on input line 54.
LaTeX Font Info:    ... okay on input line 54.
LaTeX Font Info:    Checking defaults for OMX/cmex/m/n on input line 54.
LaTeX Font Info:    ... okay on input line 54.
LaTeX Font Info:    Checking defaults for U/cmr/m/n on input line 54.
LaTeX Font Info:    ... okay on input line 54.
LaTeX Font Info:    Checking defaults for PD1/pdf/m/n on input line 54.
LaTeX Font Info:    ... okay on input line 54.
LaTeX Font Info:    Checking defaults for PU/pdf/m/n on input line 54.
LaTeX Font Info:    ... okay on input line 54.
 (C:\Users\Ambsse\AppData\Local\Programs\MiKTeX\tex/context/base/mkii\supp-pdf.mkii
[Loading MPS to PDF converter (version 2006.09.02).]
\scratchcounter=\count429
\scratchdimen=\dimen338
\scratchbox=\box76
\nofMPsegments=\count430
\nofMParguments=\count431
\everyMPshowfont=\toks53
\MPscratchCnt=\count432
\MPscratchDim=\dimen339
\MPnumerator=\count433
\makeMPintoPDFobject=\count434
\everyMPtoPDFconversion=\toks54
)
*geometry* driver: auto-detecting
*geometry* detected driver: pdftex
*geometry* verbose mode - [ preamble ] result:
* driver: pdftex
* paper: a4paper
* layout: <same size as paper>
* layoutoffset:(h,v)=(0.0pt,0.0pt)
* modes: 
* h-part:(L,W,R)=(56.9055pt, 483.69687pt, 56.9055pt)
* v-part:(T,H,B)=(71.13188pt, 702.78308pt, 71.13188pt)
* \paperwidth=597.50787pt
* \paperheight=845.04684pt
* \textwidth=483.69687pt
* \textheight=702.78308pt
* \oddsidemargin=-15.36449pt
* \evensidemargin=-15.36449pt
* \topmargin=-43.1381pt
* \headheight=17.0pt
* \headsep=25.0pt
* \topskip=11.0pt
* \footskip=30.0pt
* \marginparwidth=50.0pt
* \marginparsep=10.0pt
* \columnsep=10.0pt
* \skip\footins=10.0pt plus 4.0pt minus 2.0pt
* \hoffset=0.0pt
* \voffset=0.0pt
* \mag=1000
* \@twocolumnfalse
* \@twosidefalse
* \@mparswitchfalse
* \@reversemarginfalse
* (1in=72.27pt=25.4mm, 1cm=28.453pt)

Package microtype Info: Patching varwidth to enable character protrusion.
\MT@vwid@leftmargin=\dimen340
\MT@vwid@rightmargin=\dimen341
LaTeX Info: Redefining \microtypecontext on input line 54.
Package microtype Info: Applying patch `item' on input line 54.
Package microtype Info: Applying patch `toc' on input line 54.
Package microtype Info: Applying patch `eqnum' on input line 54.
Package microtype Info: Applying patch `footnote' on input line 54.
Package microtype Info: Applying patch `verbatim' on input line 54.
LaTeX Info: Redefining \microtypesetup on input line 54.
Package microtype Info: Generating PDF output.
Package microtype Info: Character protrusion enabled (level 2).
Package microtype Info: Using default protrusion set `alltext'.
Package microtype Info: Automatic font expansion enabled (level 2),
(microtype)             stretch: 20, shrink: 20, step: 1, non-selected.
Package microtype Info: Using default expansion set `alltext-nott'.
Package microtype Info: Patching command `\showhyphens'.
Package microtype Info: No adjustment of tracking.
Package microtype Info: No adjustment of interword spacing.
Package microtype Info: No adjustment of character kerning.
(C:\Users\Ambsse\AppData\Local\Programs\MiKTeX\tex/latex/microtype\mt-cmr.cfg
File: mt-cmr.cfg 2013/05/19 v2.2 microtype config. file: Computer Modern Roman (RS)
)
Package caption Info: Begin \AtBeginDocument code.
Package caption Info: float package is loaded.
Package caption Info: hyperref package is loaded.
Package caption Info: listings package is loaded.
Package caption Info: supertabular package is loaded.
Package caption Info: End \AtBeginDocument code.
\c@lstlisting=\count435
 (C:\Users\Ambsse\AppData\Local\Programs\MiKTeX\tex/latex/translations/dicts\translations-basic-dictionary-german.trsl
File: translations-basic-dictionary-german.trsl (german translation file `translations-basic-dictionary')
)
Package translations Info: loading dictionary `translations-basic-dictionary' for `german'. on input line 54.
Package hyperref Info: Link coloring ON on input line 54.
 (Report_Seitz_Sebastian_19871211_V1.out) (Report_Seitz_Sebastian_19871211_V1.out)
\@outlinefile=\write4
\openout4 = `Report_Seitz_Sebastian_19871211_V1.out'.

\openout2 = `01_PreAmb/01_Titelseite.aux'.

 (01_PreAmb/01_Titelseite.tex
LaTeX Font Info:    Trying to load font information for OT1+lmr on input line 7.
 (C:\Users\Ambsse\AppData\Local\Programs\MiKTeX\tex/latex/lm\ot1lmr.fd
File: ot1lmr.fd 2015/05/01 v1.6.1 Font defs for Latin Modern
)
LaTeX Font Info:    Trying to load font information for OML+lmm on input line 7.
 (C:\Users\Ambsse\AppData\Local\Programs\MiKTeX\tex/latex/lm\omllmm.fd
File: omllmm.fd 2015/05/01 v1.6.1 Font defs for Latin Modern
)
LaTeX Font Info:    Trying to load font information for OMS+lmsy on input line 7.
 (C:\Users\Ambsse\AppData\Local\Programs\MiKTeX\tex/latex/lm\omslmsy.fd
File: omslmsy.fd 2015/05/01 v1.6.1 Font defs for Latin Modern
)
LaTeX Font Info:    Trying to load font information for OMX+lmex on input line 7.
 (C:\Users\Ambsse\AppData\Local\Programs\MiKTeX\tex/latex/lm\omxlmex.fd
File: omxlmex.fd 2015/05/01 v1.6.1 Font defs for Latin Modern
)
LaTeX Font Info:    External font `lmex10' loaded for size
(Font)              <14.4> on input line 7.
LaTeX Font Info:    External font `lmex10' loaded for size
(Font)              <10> on input line 7.
LaTeX Font Info:    External font `lmex10' loaded for size
(Font)              <7> on input line 7.
LaTeX Font Info:    Trying to load font information for U+msa on input line 7.
 (C:\Users\Ambsse\AppData\Local\Programs\MiKTeX\tex/latex/amsfonts\umsa.fd
File: umsa.fd 2013/01/14 v3.01 AMS symbols A
) (C:\Users\Ambsse\AppData\Local\Programs\MiKTeX\tex/latex/microtype\mt-msa.cfg
File: mt-msa.cfg 2006/02/04 v1.1 microtype config. file: AMS symbols (a) (RS)
)
LaTeX Font Info:    Trying to load font information for U+msb on input line 7.
 (C:\Users\Ambsse\AppData\Local\Programs\MiKTeX\tex/latex/amsfonts\umsb.fd
File: umsb.fd 2013/01/14 v3.01 AMS symbols B
) (C:\Users\Ambsse\AppData\Local\Programs\MiKTeX\tex/latex/microtype\mt-msb.cfg
File: mt-msb.cfg 2005/06/01 v1.0 microtype config. file: AMS symbols (b) (RS)
)
LaTeX Font Info:    Trying to load font information for TS1+lmr on input line 7.
 (C:\Users\Ambsse\AppData\Local\Programs\MiKTeX\tex/latex/lm\ts1lmr.fd
File: ts1lmr.fd 2015/05/01 v1.6.1 Font defs for Latin Modern
)
Underfull \hbox (badness 10000) in paragraph at lines 6--8

 []

[1


{C:/Users/Ambsse/AppData/Local/MiKTeX/fonts/map/pdftex/pdftex.map}{C:/Users/Ambsse/AppData/Local/Programs/MiKTeX/fonts/enc/dvips/lm/lm-ec.enc}{C:/Users/Ambsse/AppData/Local/Programs/MiKTeX/fonts/enc/dvips/lm/lm-ts1.enc}]) (Report_Seitz_Sebastian_19871211_V1.toc
Overfull \hbox (0.36496pt too wide) detected at line 26
 []\T1/lmr/m/n/10.95 A-1
 []


Overfull \hbox (0.36496pt too wide) detected at line 27
 []\T1/lmr/m/n/10.95 A-2
 []


Overfull \hbox (0.36496pt too wide) detected at line 28
 []\T1/lmr/m/n/10.95 A-4
 []


Overfull \hbox (0.36496pt too wide) detected at line 29
 []\T1/lmr/m/n/10.95 A-5
 []


Overfull \hbox (5.83995pt too wide) detected at line 30
 []\T1/lmr/m/n/10.95 A-11
 []

)
\tf@toc=\write5
\openout5 = `Report_Seitz_Sebastian_19871211_V1.toc'.

 [2


] (Report_Seitz_Sebastian_19871211_V1.lof
Overfull \hbox (0.36496pt too wide) detected at line 2
 []\T1/lmr/m/n/10.95 A-5
 []


Overfull \hbox (0.36496pt too wide) detected at line 3
 []\T1/lmr/m/n/10.95 A-6
 []


Overfull \hbox (0.36496pt too wide) detected at line 4
 []\T1/lmr/m/n/10.95 A-7
 []


Overfull \hbox (0.36496pt too wide) detected at line 5
 []\T1/lmr/m/n/10.95 A-7
 []


Overfull \hbox (0.36496pt too wide) detected at line 6
 []\T1/lmr/m/n/10.95 A-8
 []


Overfull \hbox (0.36496pt too wide) detected at line 7
 []\T1/lmr/m/n/10.95 A-9
 []


Overfull \hbox (0.36496pt too wide) detected at line 8
 []\T1/lmr/m/n/10.95 A-9
 []


Overfull \hbox (5.83995pt too wide) detected at line 9
 []\T1/lmr/m/n/10.95 A-10
 []


Overfull \hbox (5.83995pt too wide) detected at line 10
 []\T1/lmr/m/n/10.95 A-10
 []


Overfull \hbox (5.83995pt too wide) detected at line 11
 []\T1/lmr/m/n/10.95 A-10
 []


Overfull \hbox (5.83995pt too wide) detected at line 12
 []\T1/lmr/m/n/10.95 A-11
 []


Overfull \hbox (5.83995pt too wide) detected at line 13
 []\T1/lmr/m/n/10.95 A-12
 []


Overfull \hbox (5.83995pt too wide) detected at line 14
 []\T1/lmr/m/n/10.95 A-13
 []


Overfull \hbox (5.83995pt too wide) detected at line 15
 []\T1/lmr/m/n/10.95 A-13
 []


Overfull \hbox (5.83995pt too wide) detected at line 16
 []\T1/lmr/m/n/10.95 A-15
 []


Overfull \hbox (5.83995pt too wide) detected at line 17
 []\T1/lmr/m/n/10.95 A-16
 []


Overfull \hbox (5.83995pt too wide) detected at line 18
 []\T1/lmr/m/n/10.95 A-17
 []

)
\tf@lof=\write6
\openout6 = `Report_Seitz_Sebastian_19871211_V1.lof'.

 [3

] (Report_Seitz_Sebastian_19871211_V1.lot
Overfull \hbox (0.36496pt too wide) detected at line 2
 []\T1/lmr/m/n/10.95 A-3
 []


Overfull \hbox (0.36496pt too wide) detected at line 3
 []\T1/lmr/m/n/10.95 A-4
 []


Overfull \hbox (5.83995pt too wide) detected at line 4
 []\T1/lmr/m/n/10.95 A-11
 []


Overfull \hbox (5.83995pt too wide) detected at line 5
 []\T1/lmr/m/n/10.95 A-14
 []

)
\tf@lot=\write7
\openout7 = `Report_Seitz_Sebastian_19871211_V1.lot'.

 [4

] (01_PreAmb/03_02_HeaderFooter2.tex) (02_ManagementZusammenfassung/02_01_Einbettung.tex Excluding 'comment' comment.) (02_ManagementZusammenfassung/02_02_RolleImUnternehmenUndProjekt.tex Excluding 'comment' comment.) (02_ManagementZusammenfassung/02_03_ProjektbeschreibungUndInhalt.tex Excluding 'comment' comment.) (02_ManagementZusammenfassung/02_04_ManagementUndFührung.tex [1] Excluding 'comment' comment.) (02_ManagementZusammenfassung/02_05_WesentlicheHerausforderungenProjekt.tex Excluding 'comment' comment.) (03_PM-Pflichtelemente/04.03.02.GovernanceStrukturenundProzesse/01_GovernanceStrukturenundProzesse.tex) (03_PM-Pflichtelemente/04.03.02.GovernanceStrukturenundProzesse/04030201.tex [2]) (03_PM-Pflichtelemente/04.03.02.GovernanceStrukturenundProzesse/04030202.tex) (03_PM-Pflichtelemente/04.03.02.GovernanceStrukturenundProzesse/04030204.tex [3]) (03_PM-Pflichtelemente/04.03.02.GovernanceStrukturenundProzesse/04030205.tex) (03_PM-Pflichtelemente/04.03.03.ComplianceStandardsundRegularien/01_ComplianceStandardsundRegularien.tex) (03_PM-Pflichtelemente/04.03.03.ComplianceStandardsundRegularien/04030301.tex [4]) (03_PM-Pflichtelemente/04.03.03.ComplianceStandardsundRegularien/04030302.tex) (03_PM-Pflichtelemente/04.03.03.ComplianceStandardsundRegularien/04030305.tex
Overfull \hbox (14.10768pt too wide) in paragraph at lines 7--8
\T1/lmr/m/n/10.95 (-20) und Trans-port-stan-dards, Tool-stra-te-gie, []BFA f�r Schnitt-stel-len, Ab-l�-sung SAP CALM zu JI-RA/Confluence).
 []

[5]) (03_PM-Pflichtelemente/04.03.04.MachtundInteressen/01_MachtundInteressen.tex) (03_PM-Pflichtelemente/04.03.04.MachtundInteressen/04030401.tex) (03_PM-Pflichtelemente/04.03.04.MachtundInteressen/04030403.tex [6{C:/Users/Ambsse/AppData/Local/Programs/MiKTeX/fonts/enc/dvips/lm/lm-mathit.enc}{C:/Users/Ambsse/AppData/Local/Programs/MiKTeX/fonts/enc/dvips/lm/lm-rm.enc}]

LaTeX Warning: Reference `fig:UATDatenDokumentation' on page 7 undefined on input line 9.


LaTeX Warning: Reference `fig:TestmandantDatenhoheit' on page 7 undefined on input line 9.

) (03_PM-Pflichtelemente/04.04.05.Fuehrung/01_Führung.tex) (03_PM-Pflichtelemente/04.04.05.Fuehrung/04040501.tex) (03_PM-Pflichtelemente/04.04.05.Fuehrung/04040502.tex [7]) (03_PM-Pflichtelemente/04.04.05.Fuehrung/04040505.tex) (03_PM-Pflichtelemente/04.05.01.Projektdesign/01.Projektdesign.tex) (03_PM-Pflichtelemente/04.05.01.Projektdesign/04050101.tex [8]) (03_PM-Pflichtelemente/04.05.01.Projektdesign/04050102.tex [9]) (03_PM-Pflichtelemente/04.05.01.Projektdesign/04050104.tex) (03_PM-Pflichtelemente/04.05.02.AnforderungenundZiele/01_AnforderungenundZiele.tex) (03_PM-Pflichtelemente/04.05.02.AnforderungenUndZiele/04050201.tex
Overfull \hbox (6.7091pt too wide) in paragraph at lines 7--1
\T1/lmr/m/n/10.95 (-20) Die An-for-de-run-gen und Zie-le des []WSR wur-den durch die Aus-gangs-la-ge, Rah-men-be-din-gun-gen, Stakeholder-
 []

[10]) (03_PM-Pflichtelemente/04.05.02.AnforderungenUndZiele/04050203.tex) (03_PM-Pflichtelemente/04.05.03.LeistungsumfangUndLieferobjekte/01_LeistungsumfangUndLieferobjekte.tex) (03_PM-Pflichtelemente/04.05.03.LeistungsumfangUndLieferobjekte/04050301.tex
Overfull \hbox (1.54874pt too wide) in paragraph at lines 7--1
\T1/lmr/m/n/10.95 (-20) Der Leis-tungs-um-fang wur-de durch drei stra-te-gi-sche Vor-stands-ent-schei-dun-gen ge-pr�gt: []AIF-Verschiebung,
 []

[11]) (03_PM-Pflichtelemente/04.05.03.LeistungsumfangUndLieferobjekte/04050302.tex) (03_PM-Pflichtelemente/04.05.04.AblaufUndTermine/01_AblaufUndTermine.tex) (03_PM-Pflichtelemente/04.05.04.AblaufUndTermine/04050401.tex [12]) (03_PM-Pflichtelemente/04.05.04.AblaufUndTermine/04050403.tex) (03_PM-Pflichtelemente/04.05.04.AblaufUndTermine/04050405.tex) (03_PM-Pflichtelemente/04.05.05.OrganisationInformationUndDokumentation/01_OrganisationInformationUndDokumentation.tex) (03_PM-Pflichtelemente/04.05.05.OrganisationInformationUndDokumentation/04050501.tex
Overfull \hbox (16.25595pt too wide) in paragraph at lines 7--2
\T1/lmr/m/n/10.95 (-20) ter Do-ku-men-ta-ti-on zur Be-w�l-ti-gung der Pro-jekt-kom-ple-xi-t�t und Ko-or-di-na-ti-on der []S/4-Programmbeteiligten
 []

[13]) (03_PM-Pflichtelemente/04.05.05.OrganisationInformationUndDokumentation/04050503.tex) (03_PM-Pflichtelemente/04.05.05.OrganisationInformationUndDokumentation/04050504.tex [14]) (03_PM-Pflichtelemente/04.05.06.Qualitaet/01_Qualitaet.tex) (03_PM-Pflichtelemente/04.05.06.Qualitaet/04050601.tex) (03_PM-Pflichtelemente/04.05.06.Qualitaet/04050603.tex [15]) (03_PM-Pflichtelemente/04.05.06.Qualitaet/04050604.tex) (03_PM-Pflichtelemente/04.05.07.KostenUndFinanzierung/01_KostenUndFinanazierung.tex) (03_PM-Pflichtelemente/04.05.07.KostenUndFinanzierung/04050701.tex [16]) (03_PM-Pflichtelemente/04.05.07.KostenUndFinanzierung/04050704.tex [17]) (03_PM-Pflichtelemente/04.05.07.KostenUndFinanzierung/04050705.tex [18]) (03_PM-Pflichtelemente/04.05.08.Ressourcen/01_Ressourcen.tex) (03_PM-Pflichtelemente/04.05.08.Ressourcen/04050801.tex [19]) (03_PM-Pflichtelemente/04.05.08.Ressourcen/04050805.tex) [20] (03_PM-Pflichtelemente/04.05.09.Beschaffung/01_Beschaffung.tex) (03_PM-Pflichtelemente/04.05.09.Beschaffung/04050902.tex) (03_PM-Pflichtelemente/04.05.09.Beschaffung/04050904.tex [21]) (03_PM-Pflichtelemente/04.05.10.PlanungUndSteuerung/01_PlanungUndSteuerung.tex) [22] (90_Anhang/01_Eigenstaendigkeit.tex
File: 98_Pictures/Unterschrift.jpg Graphic file (type jpg)
<use 98_Pictures/Unterschrift.jpg>
Package pdftex.def Info: 98_Pictures/Unterschrift.jpg  used on input line 13.
(pdftex.def)             Requested size: 128.04143pt x 27.69342pt.
 [23

 <./98_Pictures/Unterschrift.jpg>]) (01_PreAmb/03_01_HeaderFooter.tex)

Package hyperref Warning: The anchor of a bookmark and its parent's must not
(hyperref)                be the same. Added a new anchor on input line 208.

[1

]

Package glossaries Info: Preparing to sort glossary `acronym' (total number of
(glossaries)             referenced entries: 85)


pdfTeX warning (ext4): destination with the same identifier (name{table.1}) has been already used, duplicate ignored
<to be read again> 
                   \relax 
l.221 ]
       
ignored: Infinite glue shrinkage found in box being split [2] [3]

Package glossaries Info: Preparing to sort glossary `general' (total number of
(glossaries)             referenced entries: 6)


pdfTeX warning (ext4): destination with the same identifier (name{table.2}) has been already used, duplicate ignored
<to be read again> 
                   \relax 
l.230 ]
        [4] (90_Anhang/91_Grafikenanhang.tex

pdfTeX warning: pdflatex (file ./98_Pictures/2025_02_ADAC Road to HANA_Org-Chart & Rollen_Realize-Phase.pdf): PDF inclusion: found PDF version <1.7>, but at most version <1.5> allowed
<98_Pictures/2025_02_ADAC Road to HANA_Org-Chart & Rollen_Realize-Phase.pdf, id=472, page=2, 963.6pt x 542.025pt>
File: 98_Pictures/2025_02_ADAC Road to HANA_Org-Chart & Rollen_Realize-Phase.pdf Graphic file (type pdf)
<use 98_Pictures/2025_02_ADAC Road to HANA_Org-Chart & Rollen_Realize-Phase.pdf, page 2>
Package pdftex.def Info: 98_Pictures/2025_02_ADAC Road to HANA_Org-Chart & Rollen_Realize-Phase.pdf , page2 used on input line 7.
(pdftex.def)             Requested size: 483.69687pt x 272.07874pt.


pdfTeX warning: pdflatex (file ./98_Pictures/2026-04-13_W2_KickOff im neuen ProjektSetup.pdf): PDF inclusion: found PDF version <1.7>, but at most version <1.5> allowed
<98_Pictures/2026-04-13_W2_KickOff im neuen ProjektSetup.pdf, id=473, page=10, 963.6pt x 542.025pt>
File: 98_Pictures/2026-04-13_W2_KickOff im neuen ProjektSetup.pdf Graphic file (type pdf)
<use 98_Pictures/2026-04-13_W2_KickOff im neuen ProjektSetup.pdf, page 10>
Package pdftex.def Info: 98_Pictures/2026-04-13_W2_KickOff im neuen ProjektSetup.pdf , page10 used on input line 14.
(pdftex.def)             Requested size: 483.69687pt x 272.07874pt.
<98_Pictures/MyIt-Schulung.jpg, id=474, 642.14906pt x 644.4075pt>
File: 98_Pictures/MyIt-Schulung.jpg Graphic file (type jpg)
<use 98_Pictures/MyIt-Schulung.jpg>
Package pdftex.def Info: 98_Pictures/MyIt-Schulung.jpg  used on input line 26.
(pdftex.def)             Requested size: 478.86255pt x 480.56107pt.
<98_Pictures/R2H_Interfaces_Integration.png, id=475, 1498.84969pt x 844.65562pt>
File: 98_Pictures/R2H_Interfaces_Integration.png Graphic file (type png)
<use 98_Pictures/R2H_Interfaces_Integration.png>
Package pdftex.def Info: 98_Pictures/R2H_Interfaces_Integration.png  used on input line 33.
(pdftex.def)             Requested size: 478.86255pt x 269.84422pt.
<98_Pictures/R2H_BFA_Detail.png, id=476, 1525.95094pt x 840.89156pt>
File: 98_Pictures/R2H_BFA_Detail.png Graphic file (type png)
<use 98_Pictures/R2H_BFA_Detail.png>
Package pdftex.def Info: 98_Pictures/R2H_BFA_Detail.png  used on input line 40.
(pdftex.def)             Requested size: 478.86255pt x 263.88142pt.
[5 <./98_Pictures/2025_02_ADAC Road to HANA_Org-Chart & Rollen_Realize-Phase.pdf> <./98_Pictures/2026-04-13_W2_KickOff im neuen ProjektSetup.pdf

pdfTeX warning: pdflatex (file ./98_Pictures/2026-04-13_W2_KickOff im neuen ProjektSetup.pdf): PDF inclusion: multiple pdfs with page group included in a single page
>] [6 <./98_Pictures/MyIt-Schulung.jpg>] [7 <./98_Pictures/R2H_Interfaces_Integration.png (PNG copy)> <./98_Pictures/R2H_BFA_Detail.png (PNG copy)>]
*geometry* verbose mode - [ newgeometry ] result:
* driver: pdftex
* paper: a4paper
* layout: <same size as paper>
* layoutoffset:(h,v)=(0.0pt,0.0pt)
* modes: 
* h-part:(L,W,R)=(28.45274pt, 540.60239pt, 28.45274pt)
* v-part:(T,H,B)=(28.45274pt, 788.14136pt, 28.45274pt)
* \paperwidth=597.50787pt
* \paperheight=845.04684pt
* \textwidth=540.60239pt
* \textheight=788.14136pt
* \oddsidemargin=-43.81725pt
* \evensidemargin=-43.81725pt
* \topmargin=-68.81725pt
* \headheight=0.0pt
* \headsep=25.0pt
* \topskip=11.0pt
* \footskip=30.0pt
* \marginparwidth=50.0pt
* \marginparsep=10.0pt
* \columnsep=10.0pt
* \skip\footins=10.0pt plus 4.0pt minus 2.0pt
* \hoffset=0.0pt
* \voffset=0.0pt
* \mag=1000
* \@twocolumnfalse
* \@twosidefalse
* \@mparswitchfalse
* \@reversemarginfalse
* (1in=72.27pt=25.4mm, 1cm=28.453pt)

<98_Pictures/260610_StatusFolienSST.jpg, id=575, 1154.81438pt x 615.80063pt>
File: 98_Pictures/260610_StatusFolienSST.jpg Graphic file (type jpg)
<use 98_Pictures/260610_StatusFolienSST.jpg>
Package pdftex.def Info: 98_Pictures/260610_StatusFolienSST.jpg  used on input line 54.
(pdftex.def)             Requested size: 535.19933pt x 285.4047pt.
 [8



 <./98_Pictures/260610_StatusFolienSST.jpg>]
<98_Pictures/CutOverNtt.png, id=580, 756.57657pt x 515.67656pt>
File: 98_Pictures/CutOverNtt.png Graphic file (type png)
<use 98_Pictures/CutOverNtt.png>
Package pdftex.def Info: 98_Pictures/CutOverNtt.png  used on input line 68.
(pdftex.def)             Requested size: 478.86255pt x 326.38872pt.
<98_Pictures/F2H_Organigramm_ADN_NTT_ADAC.jpg, id=581, 963.6pt x 542.025pt>
File: 98_Pictures/F2H_Organigramm_ADN_NTT_ADAC.jpg Graphic file (type jpg)
<use 98_Pictures/F2H_Organigramm_ADN_NTT_ADAC.jpg>
Package pdftex.def Info: 98_Pictures/F2H_Organigramm_ADN_NTT_ADAC.jpg  used on input line 75.
(pdftex.def)             Requested size: 478.86255pt x 269.3577pt.
<98_Pictures/SAPUmgebungszielbild.jpg, id=582, 953.81343pt x 582.67688pt>
File: 98_Pictures/SAPUmgebungszielbild.jpg Graphic file (type jpg)
<use 98_Pictures/SAPUmgebungszielbild.jpg>
Package pdftex.def Info: 98_Pictures/SAPUmgebungszielbild.jpg  used on input line 82.
(pdftex.def)             Requested size: 478.86255pt x 292.538pt.
<98_Pictures/TestpläneSST.jpg, id=583, 1446.90562pt x 389.95688pt>
File: 98_Pictures/TestpläneSST.jpg Graphic file (type jpg)
<use 98_Pictures/TestpläneSST.jpg>
Package pdftex.def Info: 98_Pictures/TestpläneSST.jpg  used on input line 90.
(pdftex.def)             Requested size: 237.01411pt x 63.87598pt.


Package caption Warning: The option `hypcap=true' will be ignored for this
(caption)                particular \caption on input line 91.
See the caption package documentation for explanation.

<98_Pictures/InitiierungÜbergabe.jpg, id=584, 797.22844pt x 398.99063pt>
File: 98_Pictures/InitiierungÜbergabe.jpg Graphic file (type jpg)
<use 98_Pictures/InitiierungÜbergabe.jpg>
Package pdftex.def Info: 98_Pictures/InitiierungÜbergabe.jpg  used on input line 97.
(pdftex.def)             Requested size: 237.01411pt x 118.61443pt.

Package caption Warning: The option `hypcap=true' will be ignored for this
(caption)                particular \caption on input line 98.
See the caption package documentation for explanation.

File: 98_Pictures/InitiierungÜbergabe.jpg Graphic file (type jpg)
<use 98_Pictures/InitiierungÜbergabe.jpg>
Package pdftex.def Info: 98_Pictures/InitiierungÜbergabe.jpg  used on input line 104.
(pdftex.def)             Requested size: 478.86255pt x 239.658pt.
[9



 <./98_Pictures/CutOverNtt.png (PNG copy)> <./98_Pictures/F2H_Organigramm_ADN_NTT_ADAC.jpg>]
<98_Pictures/UAT_DatenDoku.png, id=589, 818.30719pt x 895.09406pt>
File: 98_Pictures/UAT_DatenDoku.png Graphic file (type png)
<use 98_Pictures/UAT_DatenDoku.png>
Package pdftex.def Info: 98_Pictures/UAT_DatenDoku.png  used on input line 111.
(pdftex.def)             Requested size: 478.86255pt x 523.81229pt.
<98_Pictures/ADN_SST_FI.jpg, id=590, 963.6pt x 542.025pt>
File: 98_Pictures/ADN_SST_FI.jpg Graphic file (type jpg)
<use 98_Pictures/ADN_SST_FI.jpg>
Package pdftex.def Info: 98_Pictures/ADN_SST_FI.jpg  used on input line 118.
(pdftex.def)             Requested size: 478.86255pt x 269.3577pt.
<98_Pictures/VersionsIterationSSTADN.JPG, id=591, 952.30782pt x 676.02562pt>
File: 98_Pictures/VersionsIterationSSTADN.JPG Graphic file (type jpg)
<use 98_Pictures/VersionsIterationSSTADN.JPG>
Package pdftex.def Info: 98_Pictures/VersionsIterationSSTADN.JPG  used on input line 125.
(pdftex.def)             Requested size: 478.86255pt x 339.94093pt.
<98_Pictures/StufenIterationErklärung.JPG, id=592, 734.745pt x 363.60844pt>
File: 98_Pictures/StufenIterationErklärung.JPG Graphic file (type jpg)
<use 98_Pictures/StufenIterationErklärung.JPG>
Package pdftex.def Info: 98_Pictures/StufenIterationErklärung.JPG  used on input line 132.
(pdftex.def)             Requested size: 478.86255pt x 236.98073pt.


pdfTeX warning: pdflatex (file ./98_Pictures/251113_Senf_Sebastian_Welle2.pdf): PDF inclusion: found PDF version <1.6>, but at most version <1.5> allowed
<98_Pictures/251113_Senf_Sebastian_Welle2.pdf, id=593, 597.45204pt x 845.1575pt>
File: 98_Pictures/251113_Senf_Sebastian_Welle2.pdf Graphic file (type pdf)
<use 98_Pictures/251113_Senf_Sebastian_Welle2.pdf>
Package pdftex.def Info: 98_Pictures/251113_Senf_Sebastian_Welle2.pdf  used on input line 139.
(pdftex.def)             Requested size: 478.86255pt x 677.40364pt.


pdfTeX warning: pdflatex (file ./98_Pictures/R2H_ErgebnisdokumentationStreamI2C.pdf): PDF inclusion: found PDF version <1.7>, but at most version <1.5> allowed
<98_Pictures/R2H_ErgebnisdokumentationStreamI2C.pdf, id=594, 794.97pt x 614.295pt>
File: 98_Pictures/R2H_ErgebnisdokumentationStreamI2C.pdf Graphic file (type pdf)
<use 98_Pictures/R2H_ErgebnisdokumentationStreamI2C.pdf>
Package pdftex.def Info: 98_Pictures/R2H_ErgebnisdokumentationStreamI2C.pdf  used on input line 146.
(pdftex.def)             Requested size: 478.86255pt x 370.04208pt.
[10 <./98_Pictures/SAPUmgebungszielbild.jpg> <./98_Pictures/TestpläneSST.jpg> <./98_Pictures/InitiierungÜbergabe.jpg>]) (90_Anhang/92_Tabellen.tex
pdfTeX warning (ext4): destination with the same identifier (name{table.3}) has been already used, duplicate ignored
<to be read again> 
                   \relax 
l.10     \end{tabularx}
                       ) [11] [12 <./98_Pictures/UAT_DatenDoku.png (PNG copy)>] [13 <./98_Pictures/ADN_SST_FI.jpg> <./98_Pictures/VersionsIterationSSTADN.JPG>] [14] [15 <./98_Pictures/StufenIterationErklärung.JPG>] [16 <./98_Pictures/251113_Senf_Sebastian_Welle2.pdf>] [17 <./98_Pictures/R2H_ErgebnisdokumentationStreamI2C.pdf>] (Report_Seitz_Sebastian_19871211_V1.aux (01_PreAmb/01_Titelseite.aux))
 ***********
LaTeX2e <2025-11-01>
L3 programming layer <2026-03-20>
 ***********


LaTeX Warning: There were undefined references.


LaTeX Warning: There were multiply-defined labels.

Package rerunfilecheck Info: File `Report_Seitz_Sebastian_19871211_V1.out' has not changed.
(rerunfilecheck)             Checksum: B399C4C6791D5BE0EA5ADF48C2FAABE7;6277.
 ) 
Here is how much of TeX's memory you used:
 42426 strings out of 467691
 852390 string characters out of 5414503
 1536501 words of memory out of 5000000
 70338 multiletter control sequences out of 15000+600000
 704494 words of font info for 190 fonts, out of 8000000 for 9000
 1141 hyphenation exceptions out of 8191
 128i,20n,124p,2633b,1096s stack positions out of 10000i,1000n,20000p,200000b,200000s
<C:/Users/Ambsse/AppData/Local/Programs/MiKTeX/fonts/type1/public/lm/lmbx10.pfb><C:/Users/Ambsse/AppData/Local/Programs/MiKTeX/fonts/type1/public/lm/lmbx12.pfb><C:/Users/Ambsse/AppData/Local/Programs/MiKTeX/fonts/type1/public/lm/lmmi10.pfb><C:/Users/Ambsse/AppData/Local/Programs/MiKTeX/fonts/type1/public/lm/lmr10.pfb><C:/Users/Ambsse/AppData/Local/Programs/MiKTeX/fonts/type1/public/lm/lmr8.pfb><C:/Users/Ambsse/AppData/Local/Programs/MiKTeX/fonts/type1/public/lm/lmr9.pfb><C:/Users/Ambsse/AppData/Local/Programs/MiKTeX/fonts/type1/public/lm/lmri10.pfb><C:/Users/Ambsse/AppData/Local/Programs/MiKTeX/fonts/type1/public/lm/lmro10.pfb>
Output written on Report_Seitz_Sebastian_19871211_V1.pdf (44 pages, 2657105 bytes).
PDF statistics:
 780 PDF objects out of 1000 (max. 8388607)
 150 named destinations out of 1000 (max. 500000)
 43331 words of extra memory for PDF output out of 51595 (max. 10000000)

