\BOOKMARK [1][-]{section.1}{\376\377\0001\000\040\000M\000a\000n\000a\000g\000e\000m\000e\000n\000t\000-\000Z\000u\000s\000a\000m\000m\000e\000n\000f\000a\000s\000s\000u\000n\000g}{}% 1
\BOOKMARK [2][-]{subsection.1.1}{\376\377\0001\000.\0001\000\040\000W\000i\000e\000\040\000i\000s\000t\000\040\000d\000a\000s\000\040\000P\000r\000o\000j\000e\000k\000t\000\040\000i\000n\000\040\000d\000a\000s\000\040\000e\000i\000g\000e\000n\000e\000\040\000U\000n\000t\000e\000r\000n\000e\000h\000m\000e\000n\000\040\000e\000i\000n\000g\000e\000b\000e\000t\000t\000e\000t\000?}{section.1}% 2
\BOOKMARK [2][-]{subsection.1.2}{\376\377\0001\000.\0002\000\040\000E\000i\000g\000e\000n\000e\000\040\000R\000o\000l\000l\000e\000\040\000i\000m\000\040\000U\000n\000t\000e\000r\000n\000e\000h\000m\000e\000n\000\040\000u\000n\000d\000\040\000i\000m\000\040\000P\000r\000o\000j\000e\000k\000t}{section.1}% 3
\BOOKMARK [2][-]{subsection.1.3}{\376\377\0001\000.\0003\000\040\000K\000u\000r\000z\000e\000\040\000B\000e\000s\000c\000h\000r\000e\000i\000b\000u\000n\000g\000\040\000z\000u\000m\000\040\000P\000r\000o\000j\000e\000k\000t\000i\000n\000h\000a\000l\000t}{section.1}% 4
\BOOKMARK [2][-]{subsection.1.4}{\376\377\0001\000.\0004\000\040\000M\000a\000n\000a\000g\000e\000m\000e\000n\000t\000\040\000u\000n\000d\000\040\000F\000\374\000h\000r\000u\000n\000g}{section.1}% 5
\BOOKMARK [2][-]{subsection.1.5}{\376\377\0001\000.\0005\000\040\000W\000e\000s\000e\000n\000t\000l\000i\000c\000h\000e\000\040\000H\000e\000r\000a\000u\000s\000f\000o\000r\000d\000e\000r\000u\000n\000g\000e\000n\000\040\000u\000n\000d\000\040\000R\000i\000s\000i\000k\000e\000n\000\040\000i\000m\000\040\000P\000r\000o\000j\000e\000k\000t}{section.1}% 6
\BOOKMARK [1][-]{section.2}{\376\377\0002\000\040\000B\000e\000s\000c\000h\000r\000e\000i\000b\000u\000n\000g\000\040\000d\000e\000r\000\040\000M\000a\000n\000a\000g\000e\000m\000e\000n\000t\000-\000H\000e\000r\000a\000u\000s\000f\000o\000r\000d\000e\000r\000u\000n\000g\000e\000n}{}% 7
\BOOKMARK [2][-]{subsection.2.1}{\376\377\0002\000.\0001\000\040\000P\000M\000-\000P\000f\000l\000i\000c\000h\000t\000e\000l\000e\000m\000e\000n\000t\000e}{section.2}% 8
\BOOKMARK [3][-]{section*.1}{\376\377\0000\0004\000.\0000\0003\000.\0000\0002\000\040\000G\000o\000v\000e\000r\000n\000a\000n\000c\000e\000,\000\040\000S\000t\000r\000u\000k\000t\000u\000r\000e\000n\000\040\000u\000n\000d\000\040\000P\000r\000o\000z\000e\000s\000s\000e}{subsection.2.1}% 9
\BOOKMARK [3][-]{section*.5}{\376\377\0000\0004\000.\0000\0003\000.\0000\0003\000\040\000C\000o\000m\000p\000l\000i\000a\000n\000c\000e\000,\000\040\000S\000t\000a\000n\000d\000a\000r\000d\000s\000\040\000u\000n\000d\000\040\000R\000e\000g\000u\000l\000a\000r\000i\000e\000n}{subsection.2.1}% 10
\BOOKMARK [3][-]{section*.10}{\376\377\0000\0004\000.\0000\0003\000.\0000\0004\000\040\000M\000a\000c\000h\000t\000\040\000u\000n\000d\000\040\000I\000n\000t\000e\000r\000e\000s\000s\000e\000n}{subsection.2.1}% 11
\BOOKMARK [3][-]{section*.13}{\376\377\0000\0004\000.\0000\0004\000.\0000\0005\000\040\000F\000\374\000h\000r\000u\000n\000g}{subsection.2.1}% 12
\BOOKMARK [3][-]{section*.17}{\376\377\0000\0004\000.\0000\0005\000.\0000\0001\000\040\000P\000r\000o\000j\000e\000k\000t\000d\000e\000s\000i\000g\000n}{subsection.2.1}% 13
\BOOKMARK [3][-]{section*.20}{\376\377\0000\0004\000.\0000\0005\000.\0000\0002\000\040\000A\000n\000f\000o\000r\000d\000e\000r\000u\000n\000g\000e\000n\000\040\000u\000n\000d\000\040\000Z\000i\000e\000l\000e}{subsection.2.1}% 14
\BOOKMARK [3][-]{section*.22}{\376\377\0000\0004\000.\0000\0005\000.\0000\0003\000\040\000L\000e\000i\000s\000t\000u\000n\000g\000s\000u\000m\000f\000a\000n\000g\000\040\000u\000n\000d\000\040\000L\000i\000e\000f\000e\000r\000o\000b\000j\000e\000k\000t\000e}{subsection.2.1}% 15
\BOOKMARK [3][-]{section*.25}{\376\377\0000\0004\000.\0000\0005\000.\0000\0004\000\040\000A\000b\000l\000a\000u\000f\000\040\000u\000n\000d\000\040\000T\000e\000r\000m\000i\000n\000e}{subsection.2.1}% 16
\BOOKMARK [3][-]{section*.29}{\376\377\0000\0004\000.\0000\0005\000.\0000\0005\000\040\000O\000r\000g\000a\000n\000i\000s\000a\000t\000i\000o\000n\000,\000\040\000I\000n\000f\000o\000r\000m\000a\000t\000i\000o\000n\000\040\000u\000n\000d\000\040\000D\000o\000k\000u\000m\000e\000n\000t\000a\000t\000i\000o\000n}{subsection.2.1}% 17
\BOOKMARK [3][-]{section*.33}{\376\377\0000\0004\000.\0000\0005\000.\0000\0006\000\040\000Q\000u\000a\000l\000i\000t\000\344\000t}{subsection.2.1}% 18
\BOOKMARK [3][-]{section*.37}{\376\377\0000\0004\000.\0000\0005\000.\0000\0007\000\040\000K\000o\000s\000t\000e\000n\000\040\000u\000n\000d\000\040\000F\000i\000n\000a\000n\000z\000i\000e\000r\000u\000n\000g}{subsection.2.1}% 19
\BOOKMARK [3][-]{section*.41}{\376\377\0000\0004\000.\0000\0005\000.\0000\0008\000\040\000R\000e\000s\000s\000o\000u\000r\000c\000e\000n}{subsection.2.1}% 20
\BOOKMARK [3][-]{section*.44}{\376\377\0000\0004\000.\0000\0005\000.\0000\0009\000\040\000B\000e\000s\000c\000h\000a\000f\000f\000u\000n\000g}{subsection.2.1}% 21
\BOOKMARK [3][-]{section*.47}{\376\377\0000\0004\000.\0000\0005\000.\0001\0000\000\040\000P\000l\000a\000n\000u\000n\000g\000\040\000u\000n\000d\000\040\000S\000t\000e\000u\000e\000r\000u\000n\000g}{subsection.2.1}% 22
\BOOKMARK [1][-]{section.3}{\376\377\0003\000\040\000E\000r\000k\000l\000\344\000r\000u\000n\000g\000\040\000b\000e\000t\000r\000e\000f\000f\000e\000n\000d\000\040\000d\000i\000e\000\040\000e\000i\000g\000e\000n\000s\000t\000\344\000n\000d\000i\000g\000e\000\040\000A\000u\000s\000f\000\374\000h\000r\000u\000n\000g\000\040\000d\000i\000e\000s\000e\000r\000\040\000A\000r\000b\000e\000i\000t}{}% 23
\BOOKMARK [1][-]{section.A}{\376\377\000A\000\040\000A\000n\000h\000a\000n\000g}{}% 24
\BOOKMARK [2][-]{section*.49}{\376\377\000E\000n\000d\000n\000o\000t\000e\000n}{section.A}% 25
\BOOKMARK [2][-]{section*.50}{\376\377\000A\000b\000k\000\374\000r\000z\000u\000n\000g\000s\000v\000e\000r\000z\000e\000i\000c\000h\000n\000i\000s}{section.A}% 26
\BOOKMARK [2][-]{section*.51}{\376\377\000G\000l\000o\000s\000s\000a\000r}{section.A}% 27
\BOOKMARK [2][-]{table.2}{\376\377\000G\000r\000a\000f\000i\000k\000e\000n}{section.A}% 28
\BOOKMARK [2][-]{figure.caption.66}{\376\377\000T\000a\000b\000e\000l\000l\000e\000n}{section.A}% 29
